#
# There is insufficient memory for the Java Runtime Environment to continue.
# Native memory allocation (malloc) failed to allocate 1048576 bytes. Error detail: AllocateHeap
# Possible reasons:
#   The system is out of physical RAM or swap space
#   This process is running with CompressedOops enabled, and the Java Heap may be blocking the growth of the native heap
# Possible solutions:
#   Reduce memory load on the system
#   Increase physical memory or swap space
#   Check if swap backing store is full
#   Decrease Java heap size (-Xmx/-Xms)
#   Decrease number of Java threads
#   Decrease Java thread stack sizes (-Xss)
#   Set larger code cache with -XX:ReservedCodeCacheSize=
#   JVM is running with Unscaled Compressed Oops mode in which the Java heap is
#     placed in the first 4GB address space. The Java Heap base address is the
#     maximum limit for the native heap growth. Please use -XX:HeapBaseMinAddress
#     to set the Java Heap base and to place the Java Heap above 4GB virtual address.
# This output file may be truncated or incomplete.
#
#  Out of Memory Error (allocation.cpp:44), pid=9452, tid=2796
#
# JRE version: OpenJDK Runtime Environment Temurin-21.0.9+10 (21.0.9+10) (build 21.0.9+10-LTS)
# Java VM: OpenJDK 64-Bit Server VM Temurin-21.0.9+10 (21.0.9+10-LTS, mixed mode, sharing, tiered, compressed oops, compressed class ptrs, parallel gc, windows-amd64)
# No core dump will be written. Minidumps are not enabled by default on client versions of Windows
#

---------------  S U M M A R Y ------------

Command Line: --add-modules=ALL-SYSTEM --add-opens=java.base/java.util=ALL-UNNAMED --add-opens=java.base/java.lang=ALL-UNNAMED --add-opens=java.base/sun.nio.fs=ALL-UNNAMED -Declipse.application=org.eclipse.jdt.ls.core.id1 -Dosgi.bundles.defaultStartLevel=4 -Declipse.product=org.eclipse.jdt.ls.core.product -Djava.import.generatesMetadataFilesAtProjectRoot=false -DDetectVMInstallationsJob.disabled=true -Dfile.encoding=utf8 -XX:+UseParallelGC -XX:GCTimeRatio=4 -XX:AdaptiveSizePolicyWeight=90 -Dsun.zip.disableMemoryMapping=true -Xmx2G -Xms100m -Xlog:disable -javaagent:c:\Users\willian\.antigravity\extensions\redhat.java-1.51.0-win32-x64\lombok\lombok-1.18.39-4050.jar -XX:+HeapDumpOnOutOfMemoryError -XX:HeapDumpPath=c:\Users\willian\AppData\Roaming\Antigravity\User\workspaceStorage\97470dd91c3f0f9074c89ffd48fb3bd9\redhat.java -Daether.dependencyCollector.impl=bf c:\Users\willian\.antigravity\extensions\redhat.java-1.51.0-win32-x64\server\plugins\org.eclipse.equinox.launcher_1.7.100.v20251111-0406.jar -configuration c:\Users\willian\AppData\Roaming\Antigravity\User\globalStorage\redhat.java\1.51.0\config_win -data c:\Users\willian\AppData\Roaming\Antigravity\User\workspaceStorage\97470dd91c3f0f9074c89ffd48fb3bd9\redhat.java\jdt_ws --pipe=\\.\pipe\lsp-6612eea9ff83f0269fa888296f3b7fd0-sock

Host: Intel(R) Xeon(R) CPU E5-2620 v3 @ 2.40GHz, 12 cores, 15G,  Windows 10 , 64 bit Build 19041 (10.0.19041.2913)
Time: Sun Jan 18 21:25:24 2026 Hora oficial do Brasil elapsed time: 161.239750 seconds (0d 0h 2m 41s)

---------------  T H R E A D  ---------------

Current thread (0x0000000019613e90):  JavaThread "Attach Listener" daemon [_thread_in_vm, id=2796, stack(0x000000005cb80000,0x000000005cc80000) (1024K)]

Stack: [0x000000005cb80000,0x000000005cc80000]
Native frames: (J=compiled Java code, j=interpreted, Vv=VM code, C=native code)
V  [jvm.dll+0x6d6e29]
V  [jvm.dll+0x8b4b76]
V  [jvm.dll+0x8b712e]
V  [jvm.dll+0x8b7813]
V  [jvm.dll+0x283d86]
V  [jvm.dll+0xc1277]
V  [jvm.dll+0x6d76d9]
V  [jvm.dll+0x133466]
V  [jvm.dll+0x3f7ea6]
V  [jvm.dll+0x85e9ad]
V  [jvm.dll+0x6d565d]
C  [ucrtbase.dll+0x21bb2]
C  [KERNEL32.DLL+0x17614]
C  [ntdll.dll+0x526a1]


---------------  P R O C E S S  ---------------

Threads class SMR info:
_java_thread_list=0x000000006a36e340, length=54, elements={
0x0000000002b60250, 0x000000001960b870, 0x000000001960d8f0, 0x0000000019610c60,
0x0000000019613e90, 0x0000000019615e50, 0x0000000019617d80, 0x000000001961bb10,
0x0000000061004090, 0x00000000611f4140, 0x00000000611f19e0, 0x00000000611f2d90,
0x00000000611f47d0, 0x00000000611f4e60, 0x00000000611f3420, 0x00000000611f2070,
0x00000000611f2700, 0x00000000611f3ab0, 0x0000000062ab5720, 0x0000000062ab5db0,
0x0000000062ab6ad0, 0x0000000062ab8ba0, 0x0000000062ab9230, 0x0000000062ab9f50,
0x0000000062ab2fc0, 0x0000000062aba5e0, 0x0000000062ab4370, 0x0000000062ab3650,
0x0000000062ab3ce0, 0x0000000062ab4a00, 0x0000000066bf24a0, 0x0000000066bf4c00,
0x0000000066bf2b30, 0x0000000066bf5290, 0x0000000066bf0a60, 0x0000000066bf31c0,
0x0000000066bf1780, 0x0000000066bf1e10, 0x0000000066bf3850, 0x0000000066bf5fb0,
0x0000000066bf4570, 0x0000000066bf5920, 0x0000000066bf6640, 0x0000000066bf6cd0,
0x0000000066bf7360, 0x0000000066bf03d0, 0x0000000066bf79f0, 0x0000000061d94f40,
0x00000000683b8330, 0x00000000683bb120, 0x00000000683ba400, 0x00000000683b4190,
0x00000000683b9050, 0x00000000683b7610
}

Java Threads: ( => current thread )
  0x0000000002b60250 JavaThread "main"                              [_thread_blocked, id=15196, stack(0x0000000002120000,0x0000000002220000) (1024K)]
  0x000000001960b870 JavaThread "Reference Handler"          daemon [_thread_blocked, id=3440, stack(0x000000005c880000,0x000000005c980000) (1024K)]
  0x000000001960d8f0 JavaThread "Finalizer"                  daemon [_thread_blocked, id=4920, stack(0x000000005c980000,0x000000005ca80000) (1024K)]
  0x0000000019610c60 JavaThread "Signal Dispatcher"          daemon [_thread_blocked, id=11520, stack(0x000000005ca80000,0x000000005cb80000) (1024K)]
=>0x0000000019613e90 JavaThread "Attach Listener"            daemon [_thread_in_vm, id=2796, stack(0x000000005cb80000,0x000000005cc80000) (1024K)]
  0x0000000019615e50 JavaThread "Service Thread"             daemon [_thread_blocked, id=10204, stack(0x000000005cc80000,0x000000005cd80000) (1024K)]
  0x0000000019617d80 JavaThread "Monitor Deflation Thread"   daemon [_thread_blocked, id=12332, stack(0x000000005cd80000,0x000000005ce80000) (1024K)]
  0x000000001961bb10 JavaThread "C2 CompilerThread0"         daemon [_thread_blocked, id=12220, stack(0x000000005ce80000,0x000000005cf80000) (1024K)]
  0x0000000061004090 JavaThread "C1 CompilerThread0"         daemon [_thread_blocked, id=13100, stack(0x0000000061400000,0x0000000061500000) (1024K)]
  0x00000000611f4140 JavaThread "Common-Cleaner"             daemon [_thread_blocked, id=14308, stack(0x0000000061500000,0x0000000061600000) (1024K)]
  0x00000000611f19e0 JavaThread "Notification Thread"        daemon [_thread_blocked, id=10608, stack(0x0000000061f00000,0x0000000062000000) (1024K)]
  0x00000000611f2d90 JavaThread "Active Thread: Equinox Container: 569d926a-e47f-4da8-9b1f-798496f874f3"        [_thread_blocked, id=1204, stack(0x0000000063830000,0x0000000063930000) (1024K)]
  0x00000000611f47d0 JavaThread "Refresh Thread: Equinox Container: 569d926a-e47f-4da8-9b1f-798496f874f3" daemon [_thread_blocked, id=7552, stack(0x0000000063a30000,0x0000000063b30000) (1024K)]
  0x00000000611f4e60 JavaThread "Framework Event Dispatcher: Equinox Container: 569d926a-e47f-4da8-9b1f-798496f874f3" daemon [_thread_blocked, id=1616, stack(0x0000000063b30000,0x0000000063c30000) (1024K)]
  0x00000000611f3420 JavaThread "Start Level: Equinox Container: 569d926a-e47f-4da8-9b1f-798496f874f3" daemon [_thread_blocked, id=15152, stack(0x0000000063c30000,0x0000000063d30000) (1024K)]
  0x00000000611f2070 JavaThread "Bundle File Closer"         daemon [_thread_blocked, id=7616, stack(0x0000000064030000,0x0000000064130000) (1024K)]
  0x00000000611f2700 JavaThread "SCR Component Actor"        daemon [_thread_blocked, id=14856, stack(0x0000000063d30000,0x0000000063e30000) (1024K)]
  0x00000000611f3ab0 JavaThread "Worker-JM"                         [_thread_blocked, id=10244, stack(0x0000000064230000,0x0000000064330000) (1024K)]
  0x0000000062ab5720 JavaThread "JNA Cleaner"                daemon [_thread_blocked, id=13280, stack(0x0000000061600000,0x0000000061700000) (1024K)]
  0x0000000062ab5db0 JavaThread "Worker-1"                          [_thread_blocked, id=11608, stack(0x0000000064670000,0x0000000064770000) (1024K)]
  0x0000000062ab6ad0 JavaThread "Java indexing"              daemon [_thread_blocked, id=12776, stack(0x0000000067dc0000,0x0000000067ec0000) (1024K)]
  0x0000000062ab8ba0 JavaThread "Worker-3"                          [_thread_blocked, id=3208, stack(0x00000000690f0000,0x00000000691f0000) (1024K)]
  0x0000000062ab9230 JavaThread "Thread-1"                   daemon [_thread_in_native, id=14860, stack(0x0000000067ff0000,0x00000000680f0000) (1024K)]
  0x0000000062ab9f50 JavaThread "Thread-2"                   daemon [_thread_in_native, id=9388, stack(0x0000000069340000,0x0000000069440000) (1024K)]
  0x0000000062ab2fc0 JavaThread "Thread-3"                   daemon [_thread_in_native, id=9292, stack(0x0000000069440000,0x0000000069540000) (1024K)]
  0x0000000062aba5e0 JavaThread "Thread-4"                   daemon [_thread_in_native, id=7840, stack(0x0000000069540000,0x0000000069640000) (1024K)]
  0x0000000062ab4370 JavaThread "Thread-5"                   daemon [_thread_in_native, id=14572, stack(0x0000000069640000,0x0000000069740000) (1024K)]
  0x0000000062ab3650 JavaThread "Thread-6"                   daemon [_thread_in_native, id=13892, stack(0x0000000069740000,0x0000000069840000) (1024K)]
  0x0000000062ab3ce0 JavaThread "Thread-7"                   daemon [_thread_in_native, id=2200, stack(0x0000000069840000,0x0000000069940000) (1024K)]
  0x0000000062ab4a00 JavaThread "Thread-8"                   daemon [_thread_in_native, id=13964, stack(0x0000000069940000,0x0000000069a40000) (1024K)]
  0x0000000066bf24a0 JavaThread "Thread-9"                   daemon [_thread_in_native, id=11272, stack(0x0000000069a40000,0x0000000069b40000) (1024K)]
  0x0000000066bf4c00 JavaThread "Thread-10"                  daemon [_thread_in_native, id=6660, stack(0x0000000069b40000,0x0000000069c40000) (1024K)]
  0x0000000066bf2b30 JavaThread "Thread-11"                  daemon [_thread_in_native, id=3088, stack(0x0000000069c40000,0x0000000069d40000) (1024K)]
  0x0000000066bf5290 JavaThread "Thread-12"                  daemon [_thread_in_native, id=11000, stack(0x0000000069d40000,0x0000000069e40000) (1024K)]
  0x0000000066bf0a60 JavaThread "Thread-13"                  daemon [_thread_in_native, id=11464, stack(0x0000000069e40000,0x0000000069f40000) (1024K)]
  0x0000000066bf31c0 JavaThread "pool-2-thread-1"                   [_thread_blocked, id=9904, stack(0x0000000067ec0000,0x0000000067fc0000) (1024K)]
  0x0000000066bf1780 JavaThread "WorkspaceEventsHandler"            [_thread_blocked, id=12316, stack(0x00000000691f0000,0x00000000692f0000) (1024K)]
  0x0000000066bf1e10 JavaThread "pool-1-thread-1"                   [_thread_blocked, id=4428, stack(0x000000006a110000,0x000000006a210000) (1024K)]
  0x0000000066bf3850 JavaThread "ForkJoinPool.commonPool-worker-1" daemon [_thread_blocked, id=12328, stack(0x0000000069f40000,0x000000006a040000) (1024K)]
  0x0000000066bf5fb0 JavaThread "ForkJoinPool.commonPool-worker-2" daemon [_thread_blocked, id=1380, stack(0x000000006b250000,0x000000006b350000) (1024K)]
  0x0000000066bf4570 JavaThread "ForkJoinPool.commonPool-worker-4" daemon [_thread_blocked, id=10716, stack(0x000000006b450000,0x000000006b550000) (1024K)]
  0x0000000066bf5920 JavaThread "ForkJoinPool.commonPool-worker-5" daemon [_thread_blocked, id=14012, stack(0x000000006b550000,0x000000006b650000) (1024K)]
  0x0000000066bf6640 JavaThread "ForkJoinPool.commonPool-worker-6" daemon [_thread_blocked, id=4760, stack(0x000000006b650000,0x000000006b750000) (1024K)]
  0x0000000066bf6cd0 JavaThread "ForkJoinPool.commonPool-worker-7" daemon [_thread_blocked, id=11404, stack(0x000000006b750000,0x000000006b850000) (1024K)]
  0x0000000066bf7360 JavaThread "ForkJoinPool.commonPool-worker-8" daemon [_thread_blocked, id=6656, stack(0x000000006b850000,0x000000006b950000) (1024K)]
  0x0000000066bf03d0 JavaThread "ForkJoinPool.commonPool-worker-9" daemon [_thread_blocked, id=10156, stack(0x000000006b950000,0x000000006ba50000) (1024K)]
  0x0000000066bf79f0 JavaThread "ForkJoinPool.commonPool-worker-10" daemon [_thread_blocked, id=9320, stack(0x000000006ba50000,0x000000006bb50000) (1024K)]
  0x0000000061d94f40 JavaThread "ForkJoinPool.commonPool-worker-11" daemon [_thread_blocked, id=11304, stack(0x000000006bb50000,0x000000006bc50000) (1024K)]
  0x00000000683b8330 JavaThread "Java Debug Server"          daemon [_thread_in_native, id=7768, stack(0x0000000064970000,0x0000000064a70000) (1024K)]
  0x00000000683bb120 JavaThread "pool-4-thread-1"                   [_thread_in_native, id=15276, stack(0x000000006ed90000,0x000000006ee90000) (1024K)]
  0x00000000683ba400 JavaThread "RxSchedulerPurge-1"         daemon [_thread_blocked, id=13932, stack(0x000000006ee90000,0x000000006ef90000) (1024K)]
  0x00000000683b4190 JavaThread "RxCachedWorkerPoolEvictor-1" daemon [_thread_blocked, id=1244, stack(0x000000006ef90000,0x000000006f090000) (1024K)]
  0x00000000683b9050 JavaThread "RxNewThreadScheduler-1"     daemon [_thread_blocked, id=4952, stack(0x00000000704a0000,0x00000000705a0000) (1024K)]
  0x00000000683b7610 JavaThread "process reaper (pid 11396)" daemon [_thread_in_native, id=11752, stack(0x0000000002aa0000,0x0000000002ac0000) (128K)]
Total: 54

Other Threads:
  0x00000000195f0aa0 VMThread "VM Thread"                           [id=1948, stack(0x000000005c780000,0x000000005c880000) (1024K)]
  0x00000000194a0c30 WatcherThread "VM Periodic Task Thread"        [id=11612, stack(0x0000000019620000,0x0000000019720000) (1024K)]
  0x0000000002b7f9b0 WorkerThread "GC Thread#0"                     [id=7200, stack(0x0000000002950000,0x0000000002a50000) (1024K)]
  0x000000006240b7c0 WorkerThread "GC Thread#1"                     [id=5644, stack(0x0000000063230000,0x0000000063330000) (1024K)]
  0x000000006250f010 WorkerThread "GC Thread#2"                     [id=5524, stack(0x0000000063330000,0x0000000063430000) (1024K)]
  0x000000006250f3b0 WorkerThread "GC Thread#3"                     [id=12608, stack(0x0000000063430000,0x0000000063530000) (1024K)]
  0x0000000061742300 WorkerThread "GC Thread#4"                     [id=5672, stack(0x0000000063530000,0x0000000063630000) (1024K)]
  0x00000000623bac30 WorkerThread "GC Thread#5"                     [id=12236, stack(0x0000000063630000,0x0000000063730000) (1024K)]
  0x00000000619bcf70 WorkerThread "GC Thread#6"                     [id=5544, stack(0x0000000063730000,0x0000000063830000) (1024K)]
  0x00000000622ab0f0 WorkerThread "GC Thread#7"                     [id=1164, stack(0x0000000063930000,0x0000000063a30000) (1024K)]
  0x00000000623d6b90 WorkerThread "GC Thread#8"                     [id=9132, stack(0x0000000063e30000,0x0000000063f30000) (1024K)]
  0x00000000623d5970 WorkerThread "GC Thread#9"                     [id=14608, stack(0x0000000063f30000,0x0000000064030000) (1024K)]
Total: 12

Threads with active compile tasks:
Total: 0

VM state: not at safepoint (normal execution)

VM Mutex/Monitor currently owned by a thread: None

Heap address: 0x0000000080000000, size: 2048 MB, Compressed Oops mode: 32-bit

CDS archive(s) mapped at: [0x000000001a000000-0x000000001aba0000-0x000000001aba0000), size 12189696, SharedBaseAddress: 0x000000001a000000, ArchiveRelocationMode: 1.
Compressed class space mapped at: 0x000000001b000000-0x000000005b000000, reserved size: 1073741824
Narrow klass base: 0x000000001a000000, Narrow klass shift: 0, Narrow klass range: 0x100000000

GC Precious Log:
 CardTable entry size: 512
 CPUs: 12 total, 12 available
 Memory: 16289M
 Large Page Support: Disabled
 NUMA Support: Disabled
 Compressed Oops: Enabled (32-bit)
 Alignments: Space 512K, Generation 512K, Heap 2M
 Heap Min Capacity: 100M
 Heap Initial Capacity: 100M
 Heap Max Capacity: 2G
 Pre-touch: Disabled
 Parallel Workers: 10

Heap:
 PSYoungGen      total 16384K, used 5857K [0x00000000d5580000, 0x00000000d6c80000, 0x0000000100000000)
  eden space 15872K, 35% used [0x00000000d5580000,0x00000000d5af8568,0x00000000d6500000)
  from space 512K, 50% used [0x00000000d6c00000,0x00000000d6c40000,0x00000000d6c80000)
  to   space 1024K, 0% used [0x00000000d6a80000,0x00000000d6a80000,0x00000000d6b80000)
 ParOldGen       total 146944K, used 146412K [0x0000000080000000, 0x0000000088f80000, 0x00000000d5580000)
  object space 146944K, 99% used [0x0000000080000000,0x0000000088efb230,0x0000000088f80000)
 Metaspace       used 71966K, committed 73728K, reserved 1179648K
  class space    used 7637K, committed 8384K, reserved 1048576K

Card table byte_map: [0x0000000002540000,0x0000000002950000] _byte_map_base: 0x0000000002140000

Marking Bits: (ParMarkBitMap*) 0x00007ff9b86c2460
 Begin Bits: [0x0000000015020000, 0x0000000017020000)
 End Bits:   [0x0000000017020000, 0x0000000019020000)

Polling page: 0x0000000002330000

Metaspace:

Usage:
  Non-class:     62.82 MB used.
      Class:      7.46 MB used.
       Both:     70.28 MB used.

Virtual space:
  Non-class space:      128.00 MB reserved,      63.81 MB ( 50%) committed,  2 nodes.
      Class space:        1.00 GB reserved,       8.19 MB ( <1%) committed,  1 nodes.
             Both:        1.12 GB reserved,      72.00 MB (  6%) committed. 

Chunk freelists:
   Non-Class:  15.97 MB
       Class:  7.86 MB
        Both:  23.83 MB

MaxMetaspaceSize: unlimited
CompressedClassSpaceSize: 1.00 GB
Initial GC threshold: 21.00 MB
Current GC threshold: 97.31 MB
CDS: on
 - commit_granule_bytes: 65536.
 - commit_granule_words: 8192.
 - virtual_space_node_default_size: 8388608.
 - enlarge_chunks_in_place: 1.
 - use_allocation_guard: 0.


Internal statistics:

num_allocs_failed_limit: 9.
num_arena_births: 1420.
num_arena_deaths: 20.
num_vsnodes_births: 3.
num_vsnodes_deaths: 0.
num_space_committed: 1152.
num_space_uncommitted: 0.
num_chunks_returned_to_freelist: 30.
num_chunks_taken_from_freelist: 4903.
num_chunk_merges: 17.
num_chunk_splits: 3020.
num_chunks_enlarged: 1673.
num_inconsistent_stats: 0.

CodeHeap 'non-profiled nmethods': size=120000Kb used=9291Kb max_used=9291Kb free=110708Kb
 bounds [0x000000000d840000, 0x000000000e160000, 0x0000000014d70000]
CodeHeap 'profiled nmethods': size=120000Kb used=28448Kb max_used=28448Kb free=91551Kb
 bounds [0x0000000005d70000, 0x0000000007940000, 0x000000000d2a0000]
CodeHeap 'non-nmethods': size=5760Kb used=1462Kb max_used=1549Kb free=4297Kb
 bounds [0x000000000d2a0000, 0x000000000d510000, 0x000000000d840000]
CodeCache: size=245760Kb, used=39201Kb, max_used=39288Kb, free=206556Kb
 total_blobs=13769, nmethods=12986, adapters=687, full_count=0
Compilation: enabled, stopped_count=0, restarted_count=0

Compilation events (20 events):
Event: 150.218 Thread 0x0000000061004090 nmethod 13817 0x000000000e151f10 code [0x000000000e1520a0, 0x000000000e152168]
Event: 150.218 Thread 0x0000000061909870 nmethod 13809 0x000000000e152210 code [0x000000000e152400, 0x000000000e152838]
Event: 150.218 Thread 0x0000000061004090 13818       3       org.eclipse.core.internal.events.ResourceDelta::isTeamPrivate (36 bytes)
Event: 150.219 Thread 0x0000000061004090 nmethod 13818 0x0000000007932290 code [0x0000000007932460, 0x0000000007932858]
Event: 150.219 Thread 0x0000000061004090 13819       3       org.eclipse.core.internal.events.ResourceDelta::isPhantom (36 bytes)
Event: 150.219 Thread 0x0000000061004090 nmethod 13819 0x0000000007932990 code [0x0000000007932b60, 0x0000000007932f50]
Event: 150.219 Thread 0x0000000061004090 13820       3       org.eclipse.core.internal.events.ResourceDelta::isHidden (38 bytes)
Event: 150.220 Thread 0x0000000061004090 nmethod 13820 0x0000000007933090 code [0x0000000007933260, 0x0000000007933658]
Event: 150.221 Thread 0x0000000061004090 13821       3       org.eclipse.core.internal.preferences.EclipsePreferences::decodePath (113 bytes)
Event: 150.223 Thread 0x0000000061004090 nmethod 13821 0x0000000007933790 code [0x0000000007933ac0, 0x0000000007934e80]
Event: 150.223 Thread 0x0000000061004090 13823       3       org.eclipse.core.internal.resources.Resource::isAccessible (5 bytes)
Event: 150.223 Thread 0x0000000061004090 nmethod 13823 0x0000000007935610 code [0x0000000007935800, 0x0000000007935e68]
Event: 150.223 Thread 0x0000000061004090 13822       3       java.lang.StringUTF16::newBytesFor (61 bytes)
Event: 150.224 Thread 0x0000000061004090 nmethod 13822 0x0000000007936090 code [0x0000000007936300, 0x0000000007936b90]
Event: 153.103 Thread 0x0000000061004090 13824       3       java.util.concurrent.ScheduledThreadPoolExecutor$ScheduledFutureTask::run (57 bytes)
Event: 153.103 Thread 0x0000000061004090 nmethod 13824 0x0000000007936f10 code [0x0000000007937140, 0x00000000079376b0]
Event: 161.115 Thread 0x0000000061004090 13825       3       java.util.concurrent.ConcurrentHashMap$KeySetView::iterator (34 bytes)
Event: 161.115 Thread 0x0000000061004090 nmethod 13825 0x0000000007937890 code [0x0000000007937a40, 0x0000000007937c68]
Event: 161.115 Thread 0x0000000061004090 13826       3       java.util.concurrent.ConcurrentHashMap$KeyIterator::<init> (12 bytes)
Event: 161.115 Thread 0x0000000061004090 nmethod 13826 0x0000000007937d90 code [0x0000000007937f40, 0x0000000007938078]

GC Heap History (20 events):
Event: 19.767 GC heap before
{Heap before GC invocations=112 (full 3):
 PSYoungGen      total 17920K, used 17648K [0x00000000d5580000, 0x00000000d6a00000, 0x0000000100000000)
  eden space 15872K, 100% used [0x00000000d5580000,0x00000000d6500000,0x00000000d6500000)
  from space 2048K, 86% used [0x00000000d6800000,0x00000000d69bc030,0x00000000d6a00000)
  to   space 2048K, 0% used [0x00000000d6600000,0x00000000d6600000,0x00000000d6800000)
 ParOldGen       total 87552K, used 87440K [0x0000000080000000, 0x0000000085580000, 0x00000000d5580000)
  object space 87552K, 99% used [0x0000000080000000,0x0000000085564048,0x0000000085580000)
 Metaspace       used 65324K, committed 66816K, reserved 1114112K
  class space    used 6825K, committed 7488K, reserved 1048576K
}
Event: 19.770 GC heap after
{Heap after GC invocations=112 (full 3):
 PSYoungGen      total 17408K, used 1269K [0x00000000d5580000, 0x00000000d6880000, 0x0000000100000000)
  eden space 15872K, 0% used [0x00000000d5580000,0x00000000d5580000,0x00000000d6500000)
  from space 1536K, 82% used [0x00000000d6600000,0x00000000d673d5b8,0x00000000d6780000)
  to   space 1024K, 0% used [0x00000000d6780000,0x00000000d6780000,0x00000000d6880000)
 ParOldGen       total 89088K, used 89072K [0x0000000080000000, 0x0000000085700000, 0x00000000d5580000)
  object space 89088K, 99% used [0x0000000080000000,0x00000000856fc0e8,0x0000000085700000)
 Metaspace       used 65324K, committed 66816K, reserved 1114112K
  class space    used 6825K, committed 7488K, reserved 1048576K
}
Event: 19.888 GC heap before
{Heap before GC invocations=113 (full 3):
 PSYoungGen      total 17408K, used 17141K [0x00000000d5580000, 0x00000000d6880000, 0x0000000100000000)
  eden space 15872K, 100% used [0x00000000d5580000,0x00000000d6500000,0x00000000d6500000)
  from space 1536K, 82% used [0x00000000d6600000,0x00000000d673d5b8,0x00000000d6780000)
  to   space 1024K, 0% used [0x00000000d6780000,0x00000000d6780000,0x00000000d6880000)
 ParOldGen       total 89088K, used 89072K [0x0000000080000000, 0x0000000085700000, 0x00000000d5580000)
  object space 89088K, 99% used [0x0000000080000000,0x00000000856fc0e8,0x0000000085700000)
 Metaspace       used 65369K, committed 66880K, reserved 1114112K
  class space    used 6829K, committed 7488K, reserved 1048576K
}
Event: 19.890 GC heap after
{Heap after GC invocations=113 (full 3):
 PSYoungGen      total 16896K, used 1007K [0x00000000d5580000, 0x00000000d6a00000, 0x0000000100000000)
  eden space 15872K, 0% used [0x00000000d5580000,0x00000000d5580000,0x00000000d6500000)
  from space 1024K, 98% used [0x00000000d6780000,0x00000000d687bc88,0x00000000d6880000)
  to   space 2560K, 0% used [0x00000000d6500000,0x00000000d6500000,0x00000000d6780000)
 ParOldGen       total 90624K, used 90267K [0x0000000080000000, 0x0000000085880000, 0x00000000d5580000)
  object space 90624K, 99% used [0x0000000080000000,0x0000000085826e88,0x0000000085880000)
 Metaspace       used 65369K, committed 66880K, reserved 1114112K
  class space    used 6829K, committed 7488K, reserved 1048576K
}
Event: 27.669 GC heap before
{Heap before GC invocations=114 (full 3):
 PSYoungGen      total 16896K, used 16875K [0x00000000d5580000, 0x00000000d6a00000, 0x0000000100000000)
  eden space 15872K, 99% used [0x00000000d5580000,0x00000000d64ff130,0x00000000d6500000)
  from space 1024K, 98% used [0x00000000d6780000,0x00000000d687bc88,0x00000000d6880000)
  to   space 2560K, 0% used [0x00000000d6500000,0x00000000d6500000,0x00000000d6780000)
 ParOldGen       total 90624K, used 90267K [0x0000000080000000, 0x0000000085880000, 0x00000000d5580000)
  object space 90624K, 99% used [0x0000000080000000,0x0000000085826e88,0x0000000085880000)
 Metaspace       used 66118K, committed 67648K, reserved 1114112K
  class space    used 6943K, committed 7616K, reserved 1048576K
}
Event: 27.670 GC heap after
{Heap after GC invocations=114 (full 3):
 PSYoungGen      total 17920K, used 1559K [0x00000000d5580000, 0x00000000d6900000, 0x0000000100000000)
  eden space 15872K, 0% used [0x00000000d5580000,0x00000000d5580000,0x00000000d6500000)
  from space 2048K, 76% used [0x00000000d6500000,0x00000000d6685f08,0x00000000d6700000)
  to   space 2048K, 0% used [0x00000000d6700000,0x00000000d6700000,0x00000000d6900000)
 ParOldGen       total 91136K, used 90779K [0x0000000080000000, 0x0000000085900000, 0x00000000d5580000)
  object space 91136K, 99% used [0x0000000080000000,0x00000000858a6e88,0x0000000085900000)
 Metaspace       used 66118K, committed 67648K, reserved 1114112K
  class space    used 6943K, committed 7616K, reserved 1048576K
}
Event: 28.021 GC heap before
{Heap before GC invocations=115 (full 3):
 PSYoungGen      total 17920K, used 17431K [0x00000000d5580000, 0x00000000d6900000, 0x0000000100000000)
  eden space 15872K, 100% used [0x00000000d5580000,0x00000000d6500000,0x00000000d6500000)
  from space 2048K, 76% used [0x00000000d6500000,0x00000000d6685f08,0x00000000d6700000)
  to   space 2048K, 0% used [0x00000000d6700000,0x00000000d6700000,0x00000000d6900000)
 ParOldGen       total 91136K, used 90779K [0x0000000080000000, 0x0000000085900000, 0x00000000d5580000)
  object space 91136K, 99% used [0x0000000080000000,0x00000000858a6e88,0x0000000085900000)
 Metaspace       used 67261K, committed 68800K, reserved 1114112K
  class space    used 7047K, committed 7680K, reserved 1048576K
}
Event: 28.023 GC heap after
{Heap after GC invocations=115 (full 3):
 PSYoungGen      total 16384K, used 433K [0x00000000d5580000, 0x00000000d6780000, 0x0000000100000000)
  eden space 15872K, 0% used [0x00000000d5580000,0x00000000d5580000,0x00000000d6500000)
  from space 512K, 84% used [0x00000000d6700000,0x00000000d676c5c8,0x00000000d6780000)
  to   space 1024K, 0% used [0x00000000d6580000,0x00000000d6580000,0x00000000d6680000)
 ParOldGen       total 91136K, used 91075K [0x0000000080000000, 0x0000000085900000, 0x00000000d5580000)
  object space 91136K, 99% used [0x0000000080000000,0x00000000858f0eb8,0x0000000085900000)
 Metaspace       used 67261K, committed 68800K, reserved 1114112K
  class space    used 7047K, committed 7680K, reserved 1048576K
}
Event: 28.306 GC heap before
{Heap before GC invocations=116 (full 3):
 PSYoungGen      total 16384K, used 16305K [0x00000000d5580000, 0x00000000d6780000, 0x0000000100000000)
  eden space 15872K, 100% used [0x00000000d5580000,0x00000000d6500000,0x00000000d6500000)
  from space 512K, 84% used [0x00000000d6700000,0x00000000d676c5c8,0x00000000d6780000)
  to   space 1024K, 0% used [0x00000000d6580000,0x00000000d6580000,0x00000000d6680000)
 ParOldGen       total 91136K, used 91075K [0x0000000080000000, 0x0000000085900000, 0x00000000d5580000)
  object space 91136K, 99% used [0x0000000080000000,0x00000000858f0eb8,0x0000000085900000)
 Metaspace       used 68932K, committed 70528K, reserved 1114112K
  class space    used 7321K, committed 8000K, reserved 1048576K
}
Event: 28.307 GC heap after
{Heap after GC invocations=116 (full 3):
 PSYoungGen      total 16896K, used 384K [0x00000000d5580000, 0x00000000d6780000, 0x0000000100000000)
  eden space 15872K, 0% used [0x00000000d5580000,0x00000000d5580000,0x00000000d6500000)
  from space 1024K, 37% used [0x00000000d6580000,0x00000000d65e0020,0x00000000d6680000)
  to   space 512K, 0% used [0x00000000d6700000,0x00000000d6700000,0x00000000d6780000)
 ParOldGen       total 91648K, used 91354K [0x0000000080000000, 0x0000000085980000, 0x00000000d5580000)
  object space 91648K, 99% used [0x0000000080000000,0x0000000085936a98,0x0000000085980000)
 Metaspace       used 68932K, committed 70528K, reserved 1114112K
  class space    used 7321K, committed 8000K, reserved 1048576K
}
Event: 31.759 GC heap before
{Heap before GC invocations=117 (full 3):
 PSYoungGen      total 16896K, used 16256K [0x00000000d5580000, 0x00000000d6780000, 0x0000000100000000)
  eden space 15872K, 100% used [0x00000000d5580000,0x00000000d6500000,0x00000000d6500000)
  from space 1024K, 37% used [0x00000000d6580000,0x00000000d65e0020,0x00000000d6680000)
  to   space 512K, 0% used [0x00000000d6700000,0x00000000d6700000,0x00000000d6780000)
 ParOldGen       total 91648K, used 91354K [0x0000000080000000, 0x0000000085980000, 0x00000000d5580000)
  object space 91648K, 99% used [0x0000000080000000,0x0000000085936a98,0x0000000085980000)
 Metaspace       used 69463K, committed 71040K, reserved 1114112K
  class space    used 7380K, committed 8064K, reserved 1048576K
}
Event: 31.761 GC heap after
{Heap after GC invocations=117 (full 3):
 PSYoungGen      total 16384K, used 480K [0x00000000d5580000, 0x00000000d6800000, 0x0000000100000000)
  eden space 15872K, 0% used [0x00000000d5580000,0x00000000d5580000,0x00000000d6500000)
  from space 512K, 93% used [0x00000000d6700000,0x00000000d6778010,0x00000000d6780000)
  to   space 1536K, 0% used [0x00000000d6500000,0x00000000d6500000,0x00000000d6680000)
 ParOldGen       total 92160K, used 92062K [0x0000000080000000, 0x0000000085a00000, 0x00000000d5580000)
  object space 92160K, 99% used [0x0000000080000000,0x00000000859e7b28,0x0000000085a00000)
 Metaspace       used 69463K, committed 71040K, reserved 1114112K
  class space    used 7380K, committed 8064K, reserved 1048576K
}
Event: 149.054 GC heap before
{Heap before GC invocations=118 (full 3):
 PSYoungGen      total 16384K, used 16352K [0x00000000d5580000, 0x00000000d6800000, 0x0000000100000000)
  eden space 15872K, 100% used [0x00000000d5580000,0x00000000d6500000,0x00000000d6500000)
  from space 512K, 93% used [0x00000000d6700000,0x00000000d6778010,0x00000000d6780000)
  to   space 1536K, 0% used [0x00000000d6500000,0x00000000d6500000,0x00000000d6680000)
 ParOldGen       total 92160K, used 92062K [0x0000000080000000, 0x0000000085a00000, 0x00000000d5580000)
  object space 92160K, 99% used [0x0000000080000000,0x00000000859e7b28,0x0000000085a00000)
 Metaspace       used 70320K, committed 72000K, reserved 1114112K
  class space    used 7458K, committed 8192K, reserved 1048576K
}
Event: 149.059 GC heap after
{Heap after GC invocations=118 (full 3):
 PSYoungGen      total 17408K, used 1521K [0x00000000d5580000, 0x00000000d7500000, 0x0000000100000000)
  eden space 15872K, 0% used [0x00000000d5580000,0x00000000d5580000,0x00000000d6500000)
  from space 1536K, 99% used [0x00000000d6500000,0x00000000d667c6d8,0x00000000d6680000)
  to   space 8192K, 0% used [0x00000000d6d00000,0x00000000d6d00000,0x00000000d7500000)
 ParOldGen       total 97792K, used 97586K [0x0000000080000000, 0x0000000085f80000, 0x00000000d5580000)
  object space 97792K, 99% used [0x0000000080000000,0x0000000085f4ca60,0x0000000085f80000)
 Metaspace       used 70320K, committed 72000K, reserved 1114112K
  class space    used 7458K, committed 8192K, reserved 1048576K
}
Event: 149.412 GC heap before
{Heap before GC invocations=119 (full 3):
 PSYoungGen      total 17408K, used 17393K [0x00000000d5580000, 0x00000000d7500000, 0x0000000100000000)
  eden space 15872K, 100% used [0x00000000d5580000,0x00000000d6500000,0x00000000d6500000)
  from space 1536K, 99% used [0x00000000d6500000,0x00000000d667c6d8,0x00000000d6680000)
  to   space 8192K, 0% used [0x00000000d6d00000,0x00000000d6d00000,0x00000000d7500000)
 ParOldGen       total 97792K, used 97586K [0x0000000080000000, 0x0000000085f80000, 0x00000000d5580000)
  object space 97792K, 99% used [0x0000000080000000,0x0000000085f4ca60,0x0000000085f80000)
 Metaspace       used 71103K, committed 72768K, reserved 1114112K
  class space    used 7560K, committed 8256K, reserved 1048576K
}
Event: 149.415 GC heap after
{Heap after GC invocations=119 (full 3):
 PSYoungGen      total 17920K, used 1696K [0x00000000d5580000, 0x00000000d6f00000, 0x0000000100000000)
  eden space 15872K, 0% used [0x00000000d5580000,0x00000000d5580000,0x00000000d6500000)
  from space 2048K, 82% used [0x00000000d6d00000,0x00000000d6ea8040,0x00000000d6f00000)
  to   space 4096K, 0% used [0x00000000d6700000,0x00000000d6700000,0x00000000d6b00000)
 ParOldGen       total 98816K, used 98744K [0x0000000080000000, 0x0000000086080000, 0x00000000d5580000)
  object space 98816K, 99% used [0x0000000080000000,0x000000008606e048,0x0000000086080000)
 Metaspace       used 71103K, committed 72768K, reserved 1114112K
  class space    used 7560K, committed 8256K, reserved 1048576K
}
Event: 149.707 GC heap before
{Heap before GC invocations=120 (full 3):
 PSYoungGen      total 17920K, used 12412K [0x00000000d5580000, 0x00000000d6f00000, 0x0000000100000000)
  eden space 15872K, 67% used [0x00000000d5580000,0x00000000d5ff7378,0x00000000d6500000)
  from space 2048K, 82% used [0x00000000d6d00000,0x00000000d6ea8040,0x00000000d6f00000)
  to   space 4096K, 0% used [0x00000000d6700000,0x00000000d6700000,0x00000000d6b00000)
 ParOldGen       total 98816K, used 98744K [0x0000000080000000, 0x0000000086080000, 0x00000000d5580000)
  object space 98816K, 99% used [0x0000000080000000,0x000000008606e048,0x0000000086080000)
 Metaspace       used 71775K, committed 73472K, reserved 1114112K
  class space    used 7629K, committed 8384K, reserved 1048576K
}
Event: 149.711 GC heap after
{Heap after GC invocations=120 (full 3):
 PSYoungGen      total 19968K, used 826K [0x00000000d5580000, 0x00000000d6d80000, 0x0000000100000000)
  eden space 15872K, 0% used [0x00000000d5580000,0x00000000d5580000,0x00000000d6500000)
  from space 4096K, 20% used [0x00000000d6700000,0x00000000d67ce8e8,0x00000000d6b00000)
  to   space 1536K, 0% used [0x00000000d6c00000,0x00000000d6c00000,0x00000000d6d80000)
 ParOldGen       total 99840K, used 99728K [0x0000000080000000, 0x0000000086180000, 0x00000000d5580000)
  object space 99840K, 99% used [0x0000000080000000,0x0000000086164058,0x0000000086180000)
 Metaspace       used 71775K, committed 73472K, reserved 1114112K
  class space    used 7629K, committed 8384K, reserved 1048576K
}
Event: 149.835 GC heap before
{Heap before GC invocations=121 (full 3):
 PSYoungGen      total 19968K, used 16698K [0x00000000d5580000, 0x00000000d6d80000, 0x0000000100000000)
  eden space 15872K, 100% used [0x00000000d5580000,0x00000000d6500000,0x00000000d6500000)
  from space 4096K, 20% used [0x00000000d6700000,0x00000000d67ce8e8,0x00000000d6b00000)
  to   space 1536K, 0% used [0x00000000d6c00000,0x00000000d6c00000,0x00000000d6d80000)
 ParOldGen       total 146944K, used 145808K [0x0000000080000000, 0x0000000088f80000, 0x00000000d5580000)
  object space 146944K, 99% used [0x0000000080000000,0x0000000088e64098,0x0000000088f80000)
 Metaspace       used 71821K, committed 73536K, reserved 1114112K
  class space    used 7632K, committed 8384K, reserved 1048576K
}
Event: 149.838 GC heap after
{Heap after GC invocations=121 (full 3):
 PSYoungGen      total 16384K, used 256K [0x00000000d5580000, 0x00000000d6c80000, 0x0000000100000000)
  eden space 15872K, 0% used [0x00000000d5580000,0x00000000d5580000,0x00000000d6500000)
  from space 512K, 50% used [0x00000000d6c00000,0x00000000d6c40000,0x00000000d6c80000)
  to   space 1024K, 0% used [0x00000000d6a80000,0x00000000d6a80000,0x00000000d6b80000)
 ParOldGen       total 146944K, used 146412K [0x0000000080000000, 0x0000000088f80000, 0x00000000d5580000)
  object space 146944K, 99% used [0x0000000080000000,0x0000000088efb230,0x0000000088f80000)
 Metaspace       used 71821K, committed 73536K, reserved 1114112K
  class space    used 7632K, committed 8384K, reserved 1048576K
}

Dll operation events (11 events):
Event: 0.012 Loaded shared library c:\Users\willian\.antigravity\extensions\redhat.java-1.51.0-win32-x64\jre\21.0.9-win32-x86_64\bin\java.dll
Event: 0.129 Loaded shared library c:\Users\willian\.antigravity\extensions\redhat.java-1.51.0-win32-x64\jre\21.0.9-win32-x86_64\bin\zip.dll
Event: 0.164 Loaded shared library C:\Users\willian\.antigravity\extensions\redhat.java-1.51.0-win32-x64\jre\21.0.9-win32-x86_64\bin\instrument.dll
Event: 0.174 Loaded shared library C:\Users\willian\.antigravity\extensions\redhat.java-1.51.0-win32-x64\jre\21.0.9-win32-x86_64\bin\net.dll
Event: 0.177 Loaded shared library C:\Users\willian\.antigravity\extensions\redhat.java-1.51.0-win32-x64\jre\21.0.9-win32-x86_64\bin\nio.dll
Event: 0.183 Loaded shared library C:\Users\willian\.antigravity\extensions\redhat.java-1.51.0-win32-x64\jre\21.0.9-win32-x86_64\bin\zip.dll
Event: 0.211 Loaded shared library C:\Users\willian\.antigravity\extensions\redhat.java-1.51.0-win32-x64\jre\21.0.9-win32-x86_64\bin\jimage.dll
Event: 0.333 Loaded shared library c:\Users\willian\.antigravity\extensions\redhat.java-1.51.0-win32-x64\jre\21.0.9-win32-x86_64\bin\verify.dll
Event: 2.038 Loaded shared library C:\Users\willian\AppData\Roaming\Antigravity\User\globalStorage\redhat.java\1.51.0\config_win\org.eclipse.equinox.launcher\org.eclipse.equinox.launcher.win32.win32.x86_64_1.2.1400.v20250801-0854\eclipse_11916.dll
Event: 4.286 Loaded shared library C:\Users\willian\AppData\Local\Temp\jna-1347878212\jna10361183897727969312.dll
Event: 27.944 Loaded shared library C:\Users\willian\.antigravity\extensions\redhat.java-1.51.0-win32-x64\jre\21.0.9-win32-x86_64\bin\extnet.dll

Deoptimization events (20 events):
Event: 150.182 Thread 0x0000000062ab8ba0 Uncommon trap: trap_request=0xffffffc6 fr.pc=0x000000000e0d1098 relative=0x00000000000006f8
Event: 150.182 Thread 0x0000000062ab8ba0 Uncommon trap: reason=bimorphic_or_optimized_type_check action=maybe_recompile pc=0x000000000e0d1098 method=org.eclipse.core.internal.dtree.DeltaDataTree.lookup(Lorg/eclipse/core/runtime/IPath;)Lorg/eclipse/core/internal/dtree/DataTreeLookup; @ 96 c2
Event: 150.182 Thread 0x0000000062ab8ba0 DEOPT PACKING pc=0x000000000e0d1098 sp=0x00000000691edc70
Event: 150.182 Thread 0x0000000062ab8ba0 DEOPT UNPACKING pc=0x000000000d2f3aa2 sp=0x00000000691edc18 mode 2
Event: 150.182 Thread 0x0000000062ab8ba0 Uncommon trap: trap_request=0xffffffc6 fr.pc=0x000000000e0d1098 relative=0x00000000000006f8
Event: 150.182 Thread 0x0000000062ab8ba0 Uncommon trap: reason=bimorphic_or_optimized_type_check action=maybe_recompile pc=0x000000000e0d1098 method=org.eclipse.core.internal.dtree.DeltaDataTree.lookup(Lorg/eclipse/core/runtime/IPath;)Lorg/eclipse/core/internal/dtree/DataTreeLookup; @ 96 c2
Event: 150.182 Thread 0x0000000062ab8ba0 DEOPT PACKING pc=0x000000000e0d1098 sp=0x00000000691edd90
Event: 150.182 Thread 0x0000000062ab8ba0 DEOPT UNPACKING pc=0x000000000d2f3aa2 sp=0x00000000691edd38 mode 2
Event: 150.215 Thread 0x0000000062ab8ba0 Uncommon trap: trap_request=0xffffff45 fr.pc=0x000000000daddf48 relative=0x0000000000000348
Event: 150.215 Thread 0x0000000062ab8ba0 Uncommon trap: reason=unstable_if action=reinterpret pc=0x000000000daddf48 method=java.lang.ThreadLocal$ThreadLocalMap.set(Ljava/lang/ThreadLocal;Ljava/lang/Object;)V @ 53 c2
Event: 150.215 Thread 0x0000000062ab8ba0 DEOPT PACKING pc=0x000000000daddf48 sp=0x00000000691eec00
Event: 150.215 Thread 0x0000000062ab8ba0 DEOPT UNPACKING pc=0x000000000d2f3aa2 sp=0x00000000691eeac8 mode 2
Event: 150.220 Thread 0x0000000062ab8ba0 Uncommon trap: trap_request=0xffffffc6 fr.pc=0x000000000d9c1208 relative=0x00000000000001e8
Event: 150.220 Thread 0x0000000062ab8ba0 Uncommon trap: reason=bimorphic_or_optimized_type_check action=maybe_recompile pc=0x000000000d9c1208 method=java.util.Collections.eq(Ljava/lang/Object;Ljava/lang/Object;)Z @ 18 c2
Event: 150.220 Thread 0x0000000062ab8ba0 DEOPT PACKING pc=0x000000000d9c1208 sp=0x00000000691ee950
Event: 150.220 Thread 0x0000000062ab8ba0 DEOPT UNPACKING pc=0x000000000d2f3aa2 sp=0x00000000691ee890 mode 2
Event: 150.221 Thread 0x0000000062ab8ba0 Uncommon trap: trap_request=0xffffffc6 fr.pc=0x000000000d9c1208 relative=0x00000000000001e8
Event: 150.221 Thread 0x0000000062ab8ba0 Uncommon trap: reason=bimorphic_or_optimized_type_check action=maybe_recompile pc=0x000000000d9c1208 method=java.util.Collections.eq(Ljava/lang/Object;Ljava/lang/Object;)Z @ 18 c2
Event: 150.221 Thread 0x0000000062ab8ba0 DEOPT PACKING pc=0x000000000d9c1208 sp=0x00000000691eeab0
Event: 150.221 Thread 0x0000000062ab8ba0 DEOPT UNPACKING pc=0x000000000d2f3aa2 sp=0x00000000691ee9f0 mode 2

Classes loaded (20 events):
Event: 148.672 Loading class java/util/stream/DistinctOps
Event: 148.673 Loading class java/util/stream/DistinctOps done
Event: 148.673 Loading class java/util/stream/DistinctOps$1
Event: 148.673 Loading class java/util/stream/DistinctOps$1 done
Event: 148.674 Loading class java/util/stream/DistinctOps$1$2
Event: 148.674 Loading class java/util/stream/DistinctOps$1$2 done
Event: 148.808 Loading class java/util/ImmutableCollections$SubList
Event: 148.809 Loading class java/util/ImmutableCollections$SubList done
Event: 148.845 Loading class java/nio/file/attribute/PosixFileAttributes
Event: 148.845 Loading class java/nio/file/attribute/PosixFileAttributes done
Event: 148.861 Loading class java/nio/file/attribute/PosixFileAttributeView
Event: 148.861 Loading class java/nio/file/attribute/PosixFileAttributeView done
Event: 148.942 Loading class java/nio/file/DirectoryIteratorException
Event: 148.942 Loading class java/nio/file/DirectoryIteratorException done
Event: 149.011 Loading class java/util/zip/CheckedInputStream
Event: 149.011 Loading class java/util/zip/CheckedInputStream done
Event: 149.737 Loading class java/nio/BufferMismatch
Event: 149.737 Loading class java/nio/BufferMismatch done
Event: 149.832 Loading class sun/nio/fs/WindowsFileCopy
Event: 149.833 Loading class sun/nio/fs/WindowsFileCopy done

Classes unloaded (10 events):
Event: 5.455 Thread 0x00000000195f0aa0 Unloading class 0x000000001b1a4c00 'java/lang/invoke/LambdaForm$MH+0x000000001b1a4c00'
Event: 5.455 Thread 0x00000000195f0aa0 Unloading class 0x000000001b1a4800 'java/lang/invoke/LambdaForm$MH+0x000000001b1a4800'
Event: 5.455 Thread 0x00000000195f0aa0 Unloading class 0x000000001b1a4400 'java/lang/invoke/LambdaForm$MH+0x000000001b1a4400'
Event: 5.455 Thread 0x00000000195f0aa0 Unloading class 0x000000001b1a4000 'java/lang/invoke/LambdaForm$MH+0x000000001b1a4000'
Event: 5.455 Thread 0x00000000195f0aa0 Unloading class 0x000000001b1a3c00 'java/lang/invoke/LambdaForm$BMH+0x000000001b1a3c00'
Event: 5.455 Thread 0x00000000195f0aa0 Unloading class 0x000000001b1a3800 'java/lang/invoke/LambdaForm$DMH+0x000000001b1a3800'
Event: 5.455 Thread 0x00000000195f0aa0 Unloading class 0x000000001b1a2400 'java/lang/invoke/LambdaForm$DMH+0x000000001b1a2400'
Event: 15.453 Thread 0x00000000195f0aa0 Unloading class 0x000000001b638c00 'java/lang/invoke/LambdaForm$MH+0x000000001b638c00'
Event: 15.453 Thread 0x00000000195f0aa0 Unloading class 0x000000001b638800 'java/lang/invoke/LambdaForm$MH+0x000000001b638800'
Event: 15.453 Thread 0x00000000195f0aa0 Unloading class 0x000000001b638000 'java/lang/invoke/LambdaForm$MH+0x000000001b638000'

Classes redefined (0 events):
No events

Internal exceptions (20 events):
Event: 27.881 Thread 0x0000000066bf3ee0 Exception <a 'sun/nio/fs/WindowsException'{0x00000000d5e8efc0}> (0x00000000d5e8efc0) 
thrown [s\src\hotspot\share\prims\jni.cpp, line 520]
Event: 27.881 Thread 0x0000000066bf3ee0 Exception <a 'sun/nio/fs/WindowsException'{0x00000000d5e8fa70}> (0x00000000d5e8fa70) 
thrown [s\src\hotspot\share\prims\jni.cpp, line 520]
Event: 27.977 Thread 0x00000000683bb120 Exception <a 'java/io/FileNotFoundException'{0x00000000d6218b70}> (0x00000000d6218b70) 
thrown [s\src\hotspot\share\prims\jni.cpp, line 520]
Event: 28.263 Thread 0x00000000683bb120 Exception <a 'java/lang/NoSuchMethodError'{0x00000000d616e928}: 'java.lang.Object java.lang.invoke.DirectMethodHandle$Holder.invokeVirtual(java.lang.Object, java.lang.Object, java.lang.Object, java.lang.Object)'> (0x00000000d616e928) 
thrown [s\src\hotspot\share\interpreter\linkResolver.cpp, line 773]
Event: 28.321 Thread 0x00000000683b9050 Exception <a 'java/lang/NoSuchMethodError'{0x00000000d560ba40}: 'java.lang.Object java.lang.invoke.DirectMethodHandle$Holder.invokeStatic(java.lang.Object, long, java.lang.Object, java.lang.Object)'> (0x00000000d560ba40) 
thrown [s\src\hotspot\share\interpreter\linkResolver.cpp, line 773]
Event: 28.342 Thread 0x00000000683b9050 Exception <a 'sun/nio/fs/WindowsException'{0x00000000d56ba9e8}> (0x00000000d56ba9e8) 
thrown [s\src\hotspot\share\prims\jni.cpp, line 520]
Event: 28.342 Thread 0x00000000683b9050 Exception <a 'sun/nio/fs/WindowsException'{0x00000000d56bba58}> (0x00000000d56bba58) 
thrown [s\src\hotspot\share\prims\jni.cpp, line 520]
Event: 29.310 Thread 0x0000000062ab8ba0 Implicit null exception at 0x000000000df8331e to 0x000000000df83348
Event: 31.611 Thread 0x00000000683b9d70 Exception <a 'java/lang/NoSuchMethodError'{0x00000000d6273388}: 'long java.lang.invoke.DelegatingMethodHandle$Holder.reinvoke_L(java.lang.Object, java.lang.Object)'> (0x00000000d6273388) 
thrown [s\src\hotspot\share\interpreter\linkResolver.cpp, line 773]
Event: 31.612 Thread 0x00000000683b9d70 Exception <a 'java/lang/NoSuchMethodError'{0x00000000d627d4b8}: 'void java.lang.invoke.DelegatingMethodHandle$Holder.reinvoke_L(java.lang.Object, java.lang.Object, long)'> (0x00000000d627d4b8) 
thrown [s\src\hotspot\share\interpreter\linkResolver.cpp, line 773]
Event: 31.764 Thread 0x00000000683b9d70 Exception <a 'java/lang/NoSuchMethodError'{0x00000000d55a4768}: 'long java.lang.invoke.Invokers$Holder.invokeExact_MT(java.lang.Object, java.lang.Object, java.lang.Object)'> (0x00000000d55a4768) 
thrown [s\src\hotspot\share\interpreter\linkResolver.cpp, line 773]
Event: 148.682 Thread 0x0000000066bf1780 Exception <a 'sun/nio/fs/WindowsException'{0x00000000d58e8508}> (0x00000000d58e8508) 
thrown [s\src\hotspot\share\prims\jni.cpp, line 520]
Event: 148.682 Thread 0x0000000066bf1780 Exception <a 'sun/nio/fs/WindowsException'{0x00000000d58e9078}> (0x00000000d58e9078) 
thrown [s\src\hotspot\share\prims\jni.cpp, line 520]
Event: 149.168 Thread 0x0000000062ab8ba0 Exception <a 'java/lang/NoSuchMethodError'{0x00000000d58bb9b8}: 'java.lang.Object java.lang.invoke.DirectMethodHandle$Holder.newInvokeSpecial(java.lang.Object, java.lang.Object, int, java.lang.Object, java.lang.Object)'> (0x00000000d58bb9b8) 
thrown [s\src\hotspot\share\interpreter\linkResolver.cpp, line 773]
Event: 149.174 Thread 0x0000000062ab8ba0 Exception <a 'java/lang/NoSuchMethodError'{0x00000000d58d41f8}: 'java.lang.Object java.lang.invoke.DirectMethodHandle$Holder.invokeSpecial(java.lang.Object, java.lang.Object, java.lang.Object, int, java.lang.Object, java.lang.Object, java.lang.Object)'> (0x00000000d58d41f8) 
thrown [s\src\hotspot\share\interpreter\linkResolver.cpp, line 773]
Event: 149.193 Thread 0x0000000062ab8ba0 Exception <a 'java/lang/NoSuchMethodError'{0x00000000d595b7e8}: 'void java.lang.invoke.DirectMethodHandle$Holder.invokeStatic(java.lang.Object, int)'> (0x00000000d595b7e8) 
thrown [s\src\hotspot\share\interpreter\linkResolver.cpp, line 773]
Event: 149.344 Thread 0x0000000062ab8ba0 Exception <a 'java/io/FileNotFoundException'{0x00000000d5f5a120}> (0x00000000d5f5a120) 
thrown [s\src\hotspot\share\prims\jni.cpp, line 520]
Event: 149.344 Thread 0x0000000062ab8ba0 Exception <a 'java/io/FileNotFoundException'{0x00000000d5f5b780}> (0x00000000d5f5b780) 
thrown [s\src\hotspot\share\prims\jni.cpp, line 520]
Event: 149.344 Thread 0x0000000062ab8ba0 Exception <a 'java/io/FileNotFoundException'{0x00000000d5f5c7e0}> (0x00000000d5f5c7e0) 
thrown [s\src\hotspot\share\prims\jni.cpp, line 520]
Event: 150.214 Thread 0x0000000062ab8ba0 Exception <a 'java/lang/NoSuchMethodError'{0x00000000d5aa0780}: 'void java.lang.invoke.DirectMethodHandle$Holder.invokeSpecial(java.lang.Object, java.lang.Object, java.lang.Object, java.lang.Object, java.lang.Object, java.lang.Object, java.lang.Object)'> (0x00000000d5aa0780) 
thrown [s\src\hotspot\share\interpreter\linkResolver.cpp, line 773]

ZGC Phase Switch (0 events):
No events

VM Operations (20 events):
Event: 148.824 Executing VM operation: HandshakeAllThreads (Deoptimize)
Event: 148.824 Executing VM operation: HandshakeAllThreads (Deoptimize) done
Event: 148.860 Executing VM operation: HandshakeAllThreads (Deoptimize)
Event: 148.860 Executing VM operation: HandshakeAllThreads (Deoptimize) done
Event: 148.941 Executing VM operation: HandshakeAllThreads (Deoptimize)
Event: 148.941 Executing VM operation: HandshakeAllThreads (Deoptimize) done
Event: 149.054 Executing VM operation: ParallelGCFailedAllocation (Allocation Failure)
Event: 149.059 Executing VM operation: ParallelGCFailedAllocation (Allocation Failure) done
Event: 149.312 Executing VM operation: ICBufferFull
Event: 149.313 Executing VM operation: ICBufferFull done
Event: 149.411 Executing VM operation: ParallelGCFailedAllocation (Allocation Failure)
Event: 149.415 Executing VM operation: ParallelGCFailedAllocation (Allocation Failure) done
Event: 149.686 Executing VM operation: HandshakeAllThreads (Deoptimize)
Event: 149.687 Executing VM operation: HandshakeAllThreads (Deoptimize) done
Event: 149.707 Executing VM operation: ParallelGCFailedAllocation (Allocation Failure)
Event: 149.711 Executing VM operation: ParallelGCFailedAllocation (Allocation Failure) done
Event: 149.835 Executing VM operation: ParallelGCFailedAllocation (Allocation Failure)
Event: 149.838 Executing VM operation: ParallelGCFailedAllocation (Allocation Failure) done
Event: 151.847 Executing VM operation: Cleanup
Event: 151.847 Executing VM operation: Cleanup done

Memory protections (0 events):
No events

Nmethod flushes (20 events):
Event: 15.476 Thread 0x00000000195f0aa0 flushing  nmethod 0x00000000066a2310
Event: 15.476 Thread 0x00000000195f0aa0 flushing  nmethod 0x00000000066b4110
Event: 15.476 Thread 0x00000000195f0aa0 flushing  nmethod 0x00000000066b5410
Event: 15.476 Thread 0x00000000195f0aa0 flushing  nmethod 0x00000000066b6190
Event: 15.476 Thread 0x00000000195f0aa0 flushing  nmethod 0x00000000066b6790
Event: 15.476 Thread 0x00000000195f0aa0 flushing  nmethod 0x00000000066b7010
Event: 15.476 Thread 0x00000000195f0aa0 flushing  nmethod 0x00000000066bd510
Event: 15.476 Thread 0x00000000195f0aa0 flushing  nmethod 0x00000000066bef10
Event: 15.476 Thread 0x00000000195f0aa0 flushing  nmethod 0x00000000066c3390
Event: 15.476 Thread 0x00000000195f0aa0 flushing  nmethod 0x00000000066e2690
Event: 15.476 Thread 0x00000000195f0aa0 flushing  nmethod 0x00000000066e5e90
Event: 15.476 Thread 0x00000000195f0aa0 flushing  nmethod 0x00000000066e9390
Event: 15.476 Thread 0x00000000195f0aa0 flushing  nmethod 0x00000000066ea290
Event: 15.476 Thread 0x00000000195f0aa0 flushing  nmethod 0x00000000066fd910
Event: 15.476 Thread 0x00000000195f0aa0 flushing  nmethod 0x000000000673b890
Event: 15.476 Thread 0x00000000195f0aa0 flushing  nmethod 0x000000000673bf90
Event: 15.476 Thread 0x00000000195f0aa0 flushing  nmethod 0x000000000673c590
Event: 15.476 Thread 0x00000000195f0aa0 flushing  nmethod 0x000000000673ce10
Event: 15.476 Thread 0x00000000195f0aa0 flushing  nmethod 0x000000000673d190
Event: 15.476 Thread 0x00000000195f0aa0 flushing  nmethod 0x0000000006743d10

Events (20 events):
Event: 36.842 Thread 0x0000000061bde090 Thread exited: 0x0000000061bde090
Event: 36.842 Thread 0x000000006817de60 Thread exited: 0x000000006817de60
Event: 79.932 Thread 0x0000000062ab5090 Thread exited: 0x0000000062ab5090
Event: 89.295 Thread 0x0000000062ab98c0 Thread exited: 0x0000000062ab98c0
Event: 89.342 Thread 0x0000000062ab6440 Thread exited: 0x0000000062ab6440
Event: 125.543 Thread 0x0000000066bf3ee0 Thread exited: 0x0000000066bf3ee0
Event: 148.694 Thread 0x0000000061004090 Thread added: 0x0000000061909870
Event: 148.910 Thread 0x0000000061909870 Thread added: 0x0000000064c965e0
Event: 149.390 Thread 0x0000000062ab8ba0 Thread added: 0x00000000683b6f80
Event: 149.391 Thread 0x0000000062ab8ba0 Thread added: 0x00000000683b9d70
Event: 149.391 Thread 0x0000000062ab8ba0 Thread added: 0x00000000683bb7b0
Event: 149.391 Thread 0x0000000062ab8ba0 Thread added: 0x00000000683b5540
Event: 149.391 Thread 0x0000000062ab8ba0 Thread added: 0x00000000683b7ca0
Event: 149.457 Thread 0x00000000683b9d70 Thread exited: 0x00000000683b9d70
Event: 149.457 Thread 0x00000000683b7ca0 Thread exited: 0x00000000683b7ca0
Event: 149.457 Thread 0x00000000683b6f80 Thread exited: 0x00000000683b6f80
Event: 149.458 Thread 0x00000000683bb7b0 Thread exited: 0x00000000683bb7b0
Event: 149.458 Thread 0x00000000683b5540 Thread exited: 0x00000000683b5540
Event: 153.103 Thread 0x0000000064c965e0 Thread exited: 0x0000000064c965e0
Event: 158.106 Thread 0x0000000061909870 Thread exited: 0x0000000061909870


Dynamic libraries:
0x00007ff6f3df0000 - 0x00007ff6f3dfe000 	c:\Users\willian\.antigravity\extensions\redhat.java-1.51.0-win32-x64\jre\21.0.9-win32-x86_64\bin\java.exe
0x00007ffa3ba30000 - 0x00007ffa3bc28000 	C:\Windows\SYSTEM32\ntdll.dll
0x00007ffa3b930000 - 0x00007ffa3b9ef000 	C:\Windows\System32\KERNEL32.DLL
0x00007ffa394a0000 - 0x00007ffa39796000 	C:\Windows\System32\KERNELBASE.dll
0x00007ffa397a0000 - 0x00007ffa398a0000 	C:\Windows\System32\ucrtbase.dll
0x00007ffa12fe0000 - 0x00007ffa12ff8000 	c:\Users\willian\.antigravity\extensions\redhat.java-1.51.0-win32-x64\jre\21.0.9-win32-x86_64\bin\jli.dll
0x00007ffa3a5f0000 - 0x00007ffa3a78d000 	C:\Windows\System32\USER32.dll
0x00007ffa39470000 - 0x00007ffa39492000 	C:\Windows\System32\win32u.dll
0x00007ffa12b70000 - 0x00007ffa12b8e000 	c:\Users\willian\.antigravity\extensions\redhat.java-1.51.0-win32-x64\jre\21.0.9-win32-x86_64\bin\VCRUNTIME140.dll
0x00007ffa3aaa0000 - 0x00007ffa3aacc000 	C:\Windows\System32\GDI32.dll
0x00007ffa39180000 - 0x00007ffa39295000 	C:\Windows\System32\gdi32full.dll
0x00007ffa273d0000 - 0x00007ffa2766a000 	C:\Windows\WinSxS\amd64_microsoft.windows.common-controls_6595b64144ccf1df_6.0.19041.1110_none_60b5254171f9507e\COMCTL32.dll
0x00007ffa392a0000 - 0x00007ffa3933d000 	C:\Windows\System32\msvcp_win.dll
0x00007ffa3b830000 - 0x00007ffa3b8ce000 	C:\Windows\System32\msvcrt.dll
0x00007ffa3a560000 - 0x00007ffa3a590000 	C:\Windows\System32\IMM32.DLL
0x00007ffa20ff0000 - 0x00007ffa20ffc000 	c:\Users\willian\.antigravity\extensions\redhat.java-1.51.0-win32-x64\jre\21.0.9-win32-x86_64\bin\vcruntime140_1.dll
0x00007ff9efea0000 - 0x00007ff9eff2d000 	c:\Users\willian\.antigravity\extensions\redhat.java-1.51.0-win32-x64\jre\21.0.9-win32-x86_64\bin\msvcp140.dll
0x00007ff9b7a00000 - 0x00007ff9b87a0000 	c:\Users\willian\.antigravity\extensions\redhat.java-1.51.0-win32-x64\jre\21.0.9-win32-x86_64\bin\server\jvm.dll
0x00007ffa3aad0000 - 0x00007ffa3ab7f000 	C:\Windows\System32\ADVAPI32.dll
0x00007ffa3b430000 - 0x00007ffa3b4cc000 	C:\Windows\System32\sechost.dll
0x00007ffa3a3d0000 - 0x00007ffa3a4f6000 	C:\Windows\System32\RPCRT4.dll
0x00007ffa3a9a0000 - 0x00007ffa3aa0b000 	C:\Windows\System32\WS2_32.dll
0x00007ffa386a0000 - 0x00007ffa386eb000 	C:\Windows\SYSTEM32\POWRPROF.dll
0x00007ffa2fe30000 - 0x00007ffa2fe57000 	C:\Windows\SYSTEM32\WINMM.dll
0x00007ffa302b0000 - 0x00007ffa302ba000 	C:\Windows\SYSTEM32\VERSION.dll
0x00007ffa38510000 - 0x00007ffa38522000 	C:\Windows\SYSTEM32\UMPDC.dll
0x00007ffa36fb0000 - 0x00007ffa36fc2000 	C:\Windows\SYSTEM32\kernel.appcore.dll
0x00007ffa1ad70000 - 0x00007ffa1ad7a000 	c:\Users\willian\.antigravity\extensions\redhat.java-1.51.0-win32-x64\jre\21.0.9-win32-x86_64\bin\jimage.dll
0x00007ffa328d0000 - 0x00007ffa32ab4000 	C:\Windows\SYSTEM32\DBGHELP.DLL
0x00007ffa17b00000 - 0x00007ffa17b34000 	C:\Windows\SYSTEM32\dbgcore.DLL
0x00007ffa39a00000 - 0x00007ffa39a82000 	C:\Windows\System32\bcryptPrimitives.dll
0x00007ffa19aa0000 - 0x00007ffa19aaf000 	c:\Users\willian\.antigravity\extensions\redhat.java-1.51.0-win32-x64\jre\21.0.9-win32-x86_64\bin\instrument.dll
0x00007ffa12360000 - 0x00007ffa12380000 	c:\Users\willian\.antigravity\extensions\redhat.java-1.51.0-win32-x64\jre\21.0.9-win32-x86_64\bin\java.dll
0x00007ffa39c80000 - 0x00007ffa3a3c4000 	C:\Windows\System32\SHELL32.dll
0x00007ffa371b0000 - 0x00007ffa37943000 	C:\Windows\SYSTEM32\windows.storage.dll
0x00007ffa3b0d0000 - 0x00007ffa3b424000 	C:\Windows\System32\combase.dll
0x00007ffa38a90000 - 0x00007ffa38abe000 	C:\Windows\SYSTEM32\Wldp.dll
0x00007ffa39a90000 - 0x00007ffa39b3d000 	C:\Windows\System32\SHCORE.dll
0x00007ffa3b8d0000 - 0x00007ffa3b925000 	C:\Windows\System32\shlwapi.dll
0x00007ffa39050000 - 0x00007ffa3906f000 	C:\Windows\SYSTEM32\profapi.dll
0x00007ffa11f40000 - 0x00007ffa11f58000 	c:\Users\willian\.antigravity\extensions\redhat.java-1.51.0-win32-x64\jre\21.0.9-win32-x86_64\bin\zip.dll
0x00007ffa169c0000 - 0x00007ffa169d0000 	C:\Users\willian\.antigravity\extensions\redhat.java-1.51.0-win32-x64\jre\21.0.9-win32-x86_64\bin\net.dll
0x00007ffa34050000 - 0x00007ffa3415a000 	C:\Windows\SYSTEM32\WINHTTP.dll
0x00007ffa38870000 - 0x00007ffa388da000 	C:\Windows\system32\mswsock.dll
0x00007ffa10d40000 - 0x00007ffa10d56000 	C:\Users\willian\.antigravity\extensions\redhat.java-1.51.0-win32-x64\jre\21.0.9-win32-x86_64\bin\nio.dll
0x00007ffa16690000 - 0x00007ffa166a0000 	c:\Users\willian\.antigravity\extensions\redhat.java-1.51.0-win32-x64\jre\21.0.9-win32-x86_64\bin\verify.dll
0x00007ff9e20e0000 - 0x00007ff9e2124000 	C:\Users\willian\AppData\Roaming\Antigravity\User\globalStorage\redhat.java\1.51.0\config_win\org.eclipse.equinox.launcher\org.eclipse.equinox.launcher.win32.win32.x86_64_1.2.1400.v20250801-0854\eclipse_11916.dll
0x00007ffa3a790000 - 0x00007ffa3a8ba000 	C:\Windows\System32\ole32.dll
0x00007ffa38ad0000 - 0x00007ffa38ae8000 	C:\Windows\SYSTEM32\CRYPTSP.dll
0x00007ffa38140000 - 0x00007ffa38174000 	C:\Windows\system32\rsaenh.dll
0x00007ffa393f0000 - 0x00007ffa39417000 	C:\Windows\System32\bcrypt.dll
0x00007ffa38fd0000 - 0x00007ffa38ffe000 	C:\Windows\SYSTEM32\USERENV.dll
0x00007ffa38a00000 - 0x00007ffa38a0c000 	C:\Windows\SYSTEM32\CRYPTBASE.dll
0x00007ffa38530000 - 0x00007ffa3856c000 	C:\Windows\SYSTEM32\IPHLPAPI.DLL
0x00007ffa3b680000 - 0x00007ffa3b688000 	C:\Windows\System32\NSI.dll
0x00007ff9dec30000 - 0x00007ff9dec79000 	C:\Users\willian\AppData\Local\Temp\jna-1347878212\jna10361183897727969312.dll
0x00007ffa3aff0000 - 0x00007ffa3aff8000 	C:\Windows\System32\PSAPI.DLL
0x00007ffa336f0000 - 0x00007ffa33707000 	C:\Windows\SYSTEM32\dhcpcsvc6.DLL
0x00007ffa33ce0000 - 0x00007ffa33cfd000 	C:\Windows\SYSTEM32\dhcpcsvc.DLL
0x00007ffa16540000 - 0x00007ffa16549000 	C:\Users\willian\.antigravity\extensions\redhat.java-1.51.0-win32-x64\jre\21.0.9-win32-x86_64\bin\extnet.dll
0x00007ffa38260000 - 0x00007ffa38293000 	C:\Windows\SYSTEM32\ntmarta.dll

JVMTI agents:
c:\Users\willian\.antigravity\extensions\redhat.java-1.51.0-win32-x64\lombok\lombok-1.18.39-4050.jar path:c:\Users\willian\.antigravity\extensions\redhat.java-1.51.0-win32-x64\jre\21.0.9-win32-x86_64\bin\instrument.dll, loaded, initialized, instrumentlib options:none

dbghelp: loaded successfully - version: 4.0.5 - missing functions: none
symbol engine: initialized successfully - sym options: 0x614 - pdb path: .;c:\Users\willian\.antigravity\extensions\redhat.java-1.51.0-win32-x64\jre\21.0.9-win32-x86_64\bin;C:\Windows\SYSTEM32;C:\Windows\WinSxS\amd64_microsoft.windows.common-controls_6595b64144ccf1df_6.0.19041.1110_none_60b5254171f9507e;c:\Users\willian\.antigravity\extensions\redhat.java-1.51.0-win32-x64\jre\21.0.9-win32-x86_64\bin\server;C:\Users\willian\AppData\Roaming\Antigravity\User\globalStorage\redhat.java\1.51.0\config_win\org.eclipse.equinox.launcher\org.eclipse.equinox.launcher.win32.win32.x86_64_1.2.1400.v20250801-0854;C:\Users\willian\AppData\Local\Temp\jna-1347878212

VM Arguments:
jvm_args: --add-modules=ALL-SYSTEM --add-opens=java.base/java.util=ALL-UNNAMED --add-opens=java.base/java.lang=ALL-UNNAMED --add-opens=java.base/sun.nio.fs=ALL-UNNAMED -Declipse.application=org.eclipse.jdt.ls.core.id1 -Dosgi.bundles.defaultStartLevel=4 -Declipse.product=org.eclipse.jdt.ls.core.product -Djava.import.generatesMetadataFilesAtProjectRoot=false -DDetectVMInstallationsJob.disabled=true -Dfile.encoding=utf8 -XX:+UseParallelGC -XX:GCTimeRatio=4 -XX:AdaptiveSizePolicyWeight=90 -Dsun.zip.disableMemoryMapping=true -Xmx2G -Xms100m -Xlog:disable -javaagent:c:\Users\willian\.antigravity\extensions\redhat.java-1.51.0-win32-x64\lombok\lombok-1.18.39-4050.jar -XX:+HeapDumpOnOutOfMemoryError -XX:HeapDumpPath=c:\Users\willian\AppData\Roaming\Antigravity\User\workspaceStorage\97470dd91c3f0f9074c89ffd48fb3bd9\redhat.java -Daether.dependencyCollector.impl=bf 
java_command: c:\Users\willian\.antigravity\extensions\redhat.java-1.51.0-win32-x64\server\plugins\org.eclipse.equinox.launcher_1.7.100.v20251111-0406.jar -configuration c:\Users\willian\AppData\Roaming\Antigravity\User\globalStorage\redhat.java\1.51.0\config_win -data c:\Users\willian\AppData\Roaming\Antigravity\User\workspaceStorage\97470dd91c3f0f9074c89ffd48fb3bd9\redhat.java\jdt_ws --pipe=\\.\pipe\lsp-6612eea9ff83f0269fa888296f3b7fd0-sock
java_class_path (initial): c:\Users\willian\.antigravity\extensions\redhat.java-1.51.0-win32-x64\server\plugins\org.eclipse.equinox.launcher_1.7.100.v20251111-0406.jar
Launcher Type: SUN_STANDARD

[Global flags]
    uintx AdaptiveSizePolicyWeight                 = 90                                        {product} {command line}
     intx CICompilerCount                          = 4                                         {product} {ergonomic}
    uintx GCTimeRatio                              = 4                                         {product} {command line}
     bool HeapDumpOnOutOfMemoryError               = true                                   {manageable} {command line}
    ccstr HeapDumpPath                             = c:\Users\willian\AppData\Roaming\Antigravity\User\workspaceStorage\97470dd91c3f0f9074c89ffd48fb3bd9\redhat.java         {manageable} {command line}
   size_t InitialHeapSize                          = 104857600                                 {product} {command line}
   size_t MaxHeapSize                              = 2147483648                                {product} {command line}
   size_t MaxNewSize                               = 715653120                                 {product} {ergonomic}
   size_t MinHeapDeltaBytes                        = 524288                                    {product} {ergonomic}
   size_t MinHeapSize                              = 104857600                                 {product} {command line}
   size_t NewSize                                  = 34603008                                  {product} {ergonomic}
    uintx NonNMethodCodeHeapSize                   = 5839372                                {pd product} {ergonomic}
    uintx NonProfiledCodeHeapSize                  = 122909434                              {pd product} {ergonomic}
   size_t OldSize                                  = 70254592                                  {product} {ergonomic}
    uintx ProfiledCodeHeapSize                     = 122909434                              {pd product} {ergonomic}
    uintx ReservedCodeCacheSize                    = 251658240                              {pd product} {ergonomic}
     bool SegmentedCodeCache                       = true                                      {product} {ergonomic}
   size_t SoftMaxHeapSize                          = 2147483648                             {manageable} {ergonomic}
     bool UseCompressedOops                        = true                           {product lp64_product} {ergonomic}
     bool UseLargePagesIndividualAllocation        = false                                  {pd product} {ergonomic}
     bool UseParallelGC                            = true                                      {product} {command line}

Logging:
Log output configuration:
 #0: stdout all=off uptime,level,tags foldmultilines=false
 #1: stderr all=off uptime,level,tags foldmultilines=false

Release file:
JAVA_VERSION="21.0.9" 
MODULES="java.base java.compiler java.datatransfer java.xml java.prefs java.desktop java.instrument java.logging java.management java.security.sasl java.naming java.rmi java.management.rmi java.net.http java.scripting java.security.jgss java.transaction.xa java.sql java.sql.rowset java.xml.crypto java.se java.smartcardio jdk.accessibility jdk.internal.jvmstat jdk.attach jdk.charsets jdk.internal.opt jdk.zipfs jdk.compiler jdk.crypto.ec jdk.crypto.cryptoki jdk.crypto.mscapi jdk.dynalink jdk.internal.ed jdk.editpad jdk.hotspot.agent jdk.httpserver jdk.internal.le jdk.internal.vm.ci jdk.internal.vm.compiler jdk.internal.vm.compiler.management jdk.jartool jdk.javadoc jdk.jcmd jdk.management jdk.management.agent jdk.jconsole jdk.jdeps jdk.jdwp.agent jdk.jdi jdk.jfr jdk.jshell jdk.jsobject jdk.jstatd jdk.localedata jdk.management.jfr jdk.naming.dns jdk.naming.rmi jdk.net jdk.nio.mapmode jdk.random jdk.sctp jdk.security.auth jdk.security.jgss jdk.unsupported jdk.unsupported.desktop jdk.xml.dom" 

Environment Variables:
PATH=D:\oracle\dbhomeXE\bin;C:\Program Files (x86)\Common Files\Oracle\Java\java8path;C:\Program Files (x86)\Common Files\Oracle\Java\javapath;C:\ProgramData\Oracle\Java\javapath;C:\Windows\system32;C:\Windows;C:\Windows\System32\Wbem;C:\Windows\System32\WindowsPowerShell\v1.0\;C:\Windows\System32\OpenSSH\;C:\Program Files\Docker\Docker\resources\bin;D:\Git\cmd;D:\;C:\Users\willian\AppData\Local\Programs\Eclipse Adoptium\jdk-21.0.5.11-hotspot\bin;C:\Users\willian\AppData\Local\Microsoft\WindowsApps;C:\Users\willian\AppData\Local\Programs\Microsoft VS Code\bin;C:\Users\willian\AppData\Local\Programs\Antigravity\bin;C:\Users\willian\AppData\Roaming\npm
USERNAME=willian
OS=Windows_NT
PROCESSOR_IDENTIFIER=Intel64 Family 6 Model 63 Stepping 2, GenuineIntel
TMP=C:\Users\willian\AppData\Local\Temp
TEMP=C:\Users\willian\AppData\Local\Temp




Periodic native trim disabled

---------------  S Y S T E M  ---------------

OS:
 Windows 10 , 64 bit Build 19041 (10.0.19041.2913)
OS uptime: 0 days 2:00 hours
Hyper-V role detected

CPU: total 12 (initial active 12) (6 cores per cpu, 2 threads per core) family 6 model 63 stepping 2 microcode 0x43, cx8, cmov, fxsr, ht, mmx, sse, sse2, sse3, ssse3, sse4.1, sse4.2, popcnt, lzcnt, tsc, tscinvbit, avx, avx2, aes, erms, clmul, bmi1, bmi2, fma, vzeroupper, clflush, hv, rdtscp, f16c
Processor Information for the first 12 processors :
  Max Mhz: 2401, Current Mhz: 2401, Mhz Limit: 2401

Memory: 4k page, system-wide physical 16289M (1757M free)
TotalPageFile size 21119M (AvailPageFile size 102M)
current process WorkingSet (physical memory assigned to process): 367M, peak: 449M
current process commit charge ("private bytes"): 459M, peak: 531M

vm_info: OpenJDK 64-Bit Server VM (21.0.9+10-LTS) for windows-amd64 JRE (21.0.9+10-LTS), built on 2025-10-21T00:00:00Z by "admin" with unknown MS VC++:1942

END.
