#
# There is insufficient memory for the Java Runtime Environment to continue.
# Native memory allocation (malloc) failed to allocate 3030416 bytes. Error detail: Chunk::new
# Possible reasons:
#   The system is out of physical RAM or swap space
#   This process is running with CompressedOops enabled, and the Java Heap may be blocking the growth of the native heap
# Possible solutions:
#   Reduce memory load on the system
#   Increase physical memory or swap space
#   Check if swap backing store is full
#   Decrease Java heap size (-Xmx/-Xms)
#   Decrease number of Java threads
#   Decrease Java thread stack sizes (-Xss)
#   Set larger code cache with -XX:ReservedCodeCacheSize=
#   JVM is running with Unscaled Compressed Oops mode in which the Java heap is
#     placed in the first 4GB address space. The Java Heap base address is the
#     maximum limit for the native heap growth. Please use -XX:HeapBaseMinAddress
#     to set the Java Heap base and to place the Java Heap above 4GB virtual address.
# This output file may be truncated or incomplete.
#
#  Out of Memory Error (arena.cpp:168), pid=12832, tid=11912
#
# JRE version: OpenJDK Runtime Environment Temurin-21.0.9+10 (21.0.9+10) (build 21.0.9+10-LTS)
# Java VM: OpenJDK 64-Bit Server VM Temurin-21.0.9+10 (21.0.9+10-LTS, mixed mode, sharing, tiered, compressed oops, compressed class ptrs, parallel gc, windows-amd64)
# No core dump will be written. Minidumps are not enabled by default on client versions of Windows
#

---------------  S U M M A R Y ------------

Command Line: --add-modules=ALL-SYSTEM --add-opens=java.base/java.util=ALL-UNNAMED --add-opens=java.base/java.lang=ALL-UNNAMED --add-opens=java.base/sun.nio.fs=ALL-UNNAMED -Declipse.application=org.eclipse.jdt.ls.core.id1 -Dosgi.bundles.defaultStartLevel=4 -Declipse.product=org.eclipse.jdt.ls.core.product -Djava.import.generatesMetadataFilesAtProjectRoot=false -DDetectVMInstallationsJob.disabled=true -Dfile.encoding=utf8 -XX:+UseParallelGC -XX:GCTimeRatio=4 -XX:AdaptiveSizePolicyWeight=90 -Dsun.zip.disableMemoryMapping=true -Xmx2G -Xms100m -Xlog:disable -javaagent:c:\Users\willian\.antigravity\extensions\redhat.java-1.51.0-win32-x64\lombok\lombok-1.18.39-4050.jar -XX:+HeapDumpOnOutOfMemoryError -XX:HeapDumpPath=c:\Users\willian\AppData\Roaming\Antigravity\User\workspaceStorage\97470dd91c3f0f9074c89ffd48fb3bd9\redhat.java -Daether.dependencyCollector.impl=bf c:\Users\willian\.antigravity\extensions\redhat.java-1.51.0-win32-x64\server\plugins\org.eclipse.equinox.launcher_1.7.100.v20251111-0406.jar -configuration c:\Users\willian\AppData\Roaming\Antigravity\User\globalStorage\redhat.java\1.51.0\config_win -data c:\Users\willian\AppData\Roaming\Antigravity\User\workspaceStorage\97470dd91c3f0f9074c89ffd48fb3bd9\redhat.java\jdt_ws --pipe=\\.\pipe\lsp-7a1ae076c15725746de53b607256818a-sock

Host: Intel(R) Xeon(R) CPU E5-2620 v3 @ 2.40GHz, 12 cores, 15G,  Windows 10 , 64 bit Build 19041 (10.0.19041.2913)
Time: Sun Jan 18 21:26:22 2026 Hora oficial do Brasil elapsed time: 20.794199 seconds (0d 0h 0m 20s)

---------------  T H R E A D  ---------------

Current thread (0x000000006299f200):  JavaThread "C2 CompilerThread1" daemon [_thread_in_native, id=11912, stack(0x0000000064770000,0x0000000064870000) (1024K)]


Current CompileTask:
C2:20794 10771       4       lombok.eclipse.handlers.EclipseHandlerUtil::setGeneratedBy (10 bytes)

Stack: [0x0000000064770000,0x0000000064870000]
Native frames: (J=compiled Java code, j=interpreted, Vv=VM code, C=native code)
V  [jvm.dll+0x6d6e29]
V  [jvm.dll+0x8b4b76]
V  [jvm.dll+0x8b712e]
V  [jvm.dll+0x8b7813]
V  [jvm.dll+0x283d86]
V  [jvm.dll+0xc66ed]
V  [jvm.dll+0xc6c31]
V  [jvm.dll+0x3be501]
V  [jvm.dll+0x38ab92]
V  [jvm.dll+0x389fda]
V  [jvm.dll+0x24bfa0]
V  [jvm.dll+0x24b580]
V  [jvm.dll+0x1cb13e]
V  [jvm.dll+0x25b29d]
V  [jvm.dll+0x25982a]
V  [jvm.dll+0x3f7ea6]
V  [jvm.dll+0x85e9ad]
V  [jvm.dll+0x6d565d]
C  [ucrtbase.dll+0x21bb2]
C  [KERNEL32.DLL+0x17614]
C  [ntdll.dll+0x526a1]


---------------  P R O C E S S  ---------------

Threads class SMR info:
_java_thread_list=0x0000000067e0f450, length=76, elements={
0x0000000002bc7d80, 0x0000000019678da0, 0x000000001967ac10, 0x000000001967d960,
0x000000001967e870, 0x0000000019686cf0, 0x0000000061008770, 0x0000000019688c50,
0x0000000019689790, 0x0000000061008e00, 0x0000000061009b20, 0x000000006100aed0,
0x0000000061009490, 0x000000006100a1b0, 0x000000006100a840, 0x000000006100b560,
0x00000000610080e0, 0x00000000627122c0, 0x0000000062710f10, 0x00000000627115a0,
0x0000000062712fe0, 0x000000006270fb60, 0x000000006270ee40, 0x0000000062711c30,
0x000000006270da90, 0x00000000627101f0, 0x0000000062713670, 0x000000006270e7b0,
0x000000006270e120, 0x000000006270f4d0, 0x0000000062712950, 0x000000006270c6e0,
0x0000000062713d00, 0x0000000062710880, 0x000000006270cd70, 0x000000006270d400,
0x0000000065fe4c50, 0x0000000065fe3210, 0x0000000065fe3f30, 0x0000000065fdf700,
0x0000000065fe52e0, 0x0000000065fe5970, 0x0000000065fdfd90, 0x0000000065fdf070,
0x0000000065fe38a0, 0x0000000065fe45c0, 0x0000000065fe6000, 0x0000000065fe0420,
0x0000000065fe6690, 0x0000000065fe24f0, 0x0000000065fe0ab0, 0x0000000065fe2b80,
0x000000006299f200, 0x00000000629a0670, 0x00000000617b88e0, 0x00000000617b8250,
0x00000000617b8f70, 0x00000000617b9c90, 0x00000000617b4740, 0x00000000617b2d00,
0x00000000617b5460, 0x00000000617b5af0, 0x00000000617b6180, 0x00000000617b3390,
0x0000000065e49d70, 0x0000000065e4d1f0, 0x0000000065e4be40, 0x0000000065e49050,
0x0000000065e4b120, 0x0000000065e496e0, 0x0000000065e4d880, 0x0000000065e4c4d0,
0x0000000065e4b7b0, 0x0000000065e4cb60, 0x0000000065e46f80, 0x0000000065e4df10
}

Java Threads: ( => current thread )
  0x0000000002bc7d80 JavaThread "main"                              [_thread_blocked, id=7200, stack(0x0000000002190000,0x0000000002290000) (1024K)]
  0x0000000019678da0 JavaThread "Reference Handler"          daemon [_thread_blocked, id=8368, stack(0x000000005c860000,0x000000005c960000) (1024K)]
  0x000000001967ac10 JavaThread "Finalizer"                  daemon [_thread_blocked, id=6724, stack(0x000000005c960000,0x000000005ca60000) (1024K)]
  0x000000001967d960 JavaThread "Signal Dispatcher"          daemon [_thread_blocked, id=9776, stack(0x000000005ca60000,0x000000005cb60000) (1024K)]
  0x000000001967e870 JavaThread "Attach Listener"            daemon [_thread_blocked, id=10864, stack(0x000000005cb60000,0x000000005cc60000) (1024K)]
  0x0000000019686cf0 JavaThread "Service Thread"             daemon [_thread_blocked, id=9492, stack(0x000000005cc60000,0x000000005cd60000) (1024K)]
  0x0000000061008770 JavaThread "Monitor Deflation Thread"   daemon [_thread_blocked, id=5480, stack(0x000000005cd60000,0x000000005ce60000) (1024K)]
  0x0000000019688c50 JavaThread "C2 CompilerThread0"         daemon [_thread_in_native, id=14400, stack(0x000000005ce60000,0x000000005cf60000) (1024K)]
  0x0000000019689790 JavaThread "C1 CompilerThread0"         daemon [_thread_blocked, id=10224, stack(0x0000000061400000,0x0000000061500000) (1024K)]
  0x0000000061008e00 JavaThread "Common-Cleaner"             daemon [_thread_blocked, id=12128, stack(0x0000000061500000,0x0000000061600000) (1024K)]
  0x0000000061009b20 JavaThread "Notification Thread"        daemon [_thread_blocked, id=11752, stack(0x0000000061e00000,0x0000000061f00000) (1024K)]
  0x000000006100aed0 JavaThread "Active Thread: Equinox Container: b50f853e-b1a1-4039-8f0b-c0cc8e58e198"        [_thread_blocked, id=1408, stack(0x0000000061f00000,0x0000000062000000) (1024K)]
  0x0000000061009490 JavaThread "Refresh Thread: Equinox Container: b50f853e-b1a1-4039-8f0b-c0cc8e58e198" daemon [_thread_blocked, id=11392, stack(0x0000000063830000,0x0000000063930000) (1024K)]
  0x000000006100a1b0 JavaThread "Framework Event Dispatcher: Equinox Container: b50f853e-b1a1-4039-8f0b-c0cc8e58e198" daemon [_thread_blocked, id=11280, stack(0x0000000063930000,0x0000000063a30000) (1024K)]
  0x000000006100a840 JavaThread "Start Level: Equinox Container: b50f853e-b1a1-4039-8f0b-c0cc8e58e198" daemon [_thread_blocked, id=10956, stack(0x0000000063a30000,0x0000000063b30000) (1024K)]
  0x000000006100b560 JavaThread "Bundle File Closer"         daemon [_thread_blocked, id=6756, stack(0x0000000064030000,0x0000000064130000) (1024K)]
  0x00000000610080e0 JavaThread "SCR Component Actor"        daemon [_thread_blocked, id=9160, stack(0x0000000064130000,0x0000000064230000) (1024K)]
  0x00000000627122c0 JavaThread "Worker-JM"                         [_thread_blocked, id=11768, stack(0x0000000063c30000,0x0000000063d30000) (1024K)]
  0x0000000062710f10 JavaThread "JNA Cleaner"                daemon [_thread_blocked, id=13000, stack(0x0000000063b30000,0x0000000063c30000) (1024K)]
  0x00000000627115a0 JavaThread "Worker-0"                          [_thread_blocked, id=2036, stack(0x0000000064570000,0x0000000064670000) (1024K)]
  0x0000000062712fe0 JavaThread "Worker-1"                          [_thread_blocked, id=6324, stack(0x0000000064670000,0x0000000064770000) (1024K)]
  0x000000006270fb60 JavaThread "Java indexing"              daemon [_thread_blocked, id=11508, stack(0x0000000064870000,0x0000000064970000) (1024K)]
  0x000000006270ee40 JavaThread "Worker-2"                          [_thread_blocked, id=2800, stack(0x0000000066ce0000,0x0000000066de0000) (1024K)]
  0x0000000062711c30 JavaThread "Worker-3"                          [_thread_blocked, id=9888, stack(0x00000000671d0000,0x00000000672d0000) (1024K)]
  0x000000006270da90 JavaThread "Worker-4: Building"                [_thread_blocked, id=8676, stack(0x00000000682a0000,0x00000000683a0000) (1024K)]
  0x00000000627101f0 JavaThread "Thread-1"                   daemon [_thread_in_native, id=11748, stack(0x00000000683a0000,0x00000000684a0000) (1024K)]
  0x0000000062713670 JavaThread "Thread-2"                   daemon [_thread_in_native, id=8048, stack(0x00000000684a0000,0x00000000685a0000) (1024K)]
  0x000000006270e7b0 JavaThread "Thread-3"                   daemon [_thread_in_native, id=4948, stack(0x00000000685a0000,0x00000000686a0000) (1024K)]
  0x000000006270e120 JavaThread "Thread-4"                   daemon [_thread_in_native, id=3468, stack(0x00000000686a0000,0x00000000687a0000) (1024K)]
  0x000000006270f4d0 JavaThread "Thread-5"                   daemon [_thread_in_native, id=12160, stack(0x00000000687a0000,0x00000000688a0000) (1024K)]
  0x0000000062712950 JavaThread "Thread-6"                   daemon [_thread_in_native, id=6640, stack(0x00000000688a0000,0x00000000689a0000) (1024K)]
  0x000000006270c6e0 JavaThread "Thread-7"                   daemon [_thread_in_native, id=7068, stack(0x00000000689a0000,0x0000000068aa0000) (1024K)]
  0x0000000062713d00 JavaThread "Thread-8"                   daemon [_thread_in_native, id=10968, stack(0x0000000068aa0000,0x0000000068ba0000) (1024K)]
  0x0000000062710880 JavaThread "Thread-9"                   daemon [_thread_in_native, id=13736, stack(0x0000000068ba0000,0x0000000068ca0000) (1024K)]
  0x000000006270cd70 JavaThread "Thread-10"                  daemon [_thread_in_native, id=12324, stack(0x0000000068ca0000,0x0000000068da0000) (1024K)]
  0x000000006270d400 JavaThread "Thread-11"                  daemon [_thread_in_native, id=11828, stack(0x0000000068da0000,0x0000000068ea0000) (1024K)]
  0x0000000065fe4c50 JavaThread "Thread-12"                  daemon [_thread_in_native, id=2548, stack(0x0000000068ea0000,0x0000000068fa0000) (1024K)]
  0x0000000065fe3210 JavaThread "Thread-13"                  daemon [_thread_in_native, id=7868, stack(0x0000000068fa0000,0x00000000690a0000) (1024K)]
  0x0000000065fe3f30 JavaThread "pool-2-thread-1"                   [_thread_blocked, id=8536, stack(0x00000000690a0000,0x00000000691a0000) (1024K)]
  0x0000000065fdf700 JavaThread "WorkspaceEventsHandler"            [_thread_blocked, id=9444, stack(0x0000000066de0000,0x0000000066ee0000) (1024K)]
  0x0000000065fe52e0 JavaThread "pool-1-thread-1"                   [_thread_blocked, id=14464, stack(0x0000000066ee0000,0x0000000066fe0000) (1024K)]
  0x0000000065fe5970 JavaThread "ForkJoinPool.commonPool-worker-1" daemon [_thread_blocked, id=12808, stack(0x000000006a3f0000,0x000000006a4f0000) (1024K)]
  0x0000000065fdfd90 JavaThread "ForkJoinPool.commonPool-worker-2" daemon [_thread_blocked, id=6652, stack(0x000000006a4f0000,0x000000006a5f0000) (1024K)]
  0x0000000065fdf070 JavaThread "ForkJoinPool.commonPool-worker-3" daemon [_thread_blocked, id=1264, stack(0x000000006a5f0000,0x000000006a6f0000) (1024K)]
  0x0000000065fe38a0 JavaThread "ForkJoinPool.commonPool-worker-5" daemon [_thread_blocked, id=9620, stack(0x000000006a6f0000,0x000000006a7f0000) (1024K)]
  0x0000000065fe45c0 JavaThread "ForkJoinPool.commonPool-worker-4" daemon [_thread_blocked, id=1064, stack(0x000000006a7f0000,0x000000006a8f0000) (1024K)]
  0x0000000065fe6000 JavaThread "ForkJoinPool.commonPool-worker-6" daemon [_thread_blocked, id=13128, stack(0x000000006a8f0000,0x000000006a9f0000) (1024K)]
  0x80001400db8db9f4 
[error occurred during error reporting (printing all threads), id 0xc0000005, EXCEPTION_ACCESS_VIOLATION (0xc0000005) at pc=0x00007ff9b826914c]
VM state: not at safepoint (normal execution)

VM Mutex/Monitor currently owned by a thread: None

Heap address: 0x0000000080000000, size: 2048 MB, Compressed Oops mode: 32-bit

CDS archive(s) mapped at: [0x000000001a000000-0x000000001aba0000-0x000000001aba0000), size 12189696, SharedBaseAddress: 0x000000001a000000, ArchiveRelocationMode: 1.
Compressed class space mapped at: 0x000000001b000000-0x000000005b000000, reserved size: 1073741824
Narrow klass base: 0x000000001a000000, Narrow klass shift: 0, Narrow klass range: 0x100000000

GC Precious Log:
 CardTable entry size: 512
 CPUs: 12 total, 12 available
 Memory: 16289M
 Large Page Support: Disabled
 NUMA Support: Disabled
 Compressed Oops: Enabled (32-bit)
 Alignments: Space 512K, Generation 512K, Heap 2M
 Heap Min Capacity: 100M
 Heap Initial Capacity: 100M
 Heap Max Capacity: 2G
 Pre-touch: Disabled
 Parallel Workers: 10

Heap:
 PSYoungGen      total 14336K, used 5332K [0x00000000d5580000, 0x00000000d6580000, 0x0000000100000000)
  eden space 12800K, 30% used [0x00000000d5580000,0x00000000d595d110,0x00000000d6200000)
  from space 1536K, 89% used [0x00000000d6400000,0x00000000d6558020,0x00000000d6580000)
  to   space 1536K, 0% used [0x00000000d6280000,0x00000000d6280000,0x00000000d6400000)
 ParOldGen       total 79360K, used 78930K [0x0000000080000000, 0x0000000084d80000, 0x00000000d5580000)
  object space 79360K, 99% used [0x0000000080000000,0x0000000084d148e0,0x0000000084d80000)
 Metaspace       used 65249K, committed 66688K, reserved 1114112K
  class space    used 6912K, committed 7552K, reserved 1048576K

Card table byte_map: [0x0000000002580000,0x0000000002990000] _byte_map_base: 0x0000000002180000

Marking Bits: (ParMarkBitMap*) 0x00007ff9b86c2460
 Begin Bits: [0x0000000015090000, 0x0000000017090000)
 End Bits:   [0x0000000017090000, 0x0000000019090000)

Polling page: 0x0000000000970000

Metaspace:

Usage:
  Non-class:     56.97 MB used.
      Class:      6.75 MB used.
       Both:     63.72 MB used.

Virtual space:
  Non-class space:       64.00 MB reserved,      57.75 MB ( 90%) committed,  1 nodes.
      Class space:        1.00 GB reserved,       7.38 MB ( <1%) committed,  1 nodes.
             Both:        1.06 GB reserved,      65.12 MB (  6%) committed. 

Chunk freelists:
   Non-Class:  5.31 MB
       Class:  8.48 MB
        Both:  13.80 MB

MaxMetaspaceSize: unlimited
CompressedClassSpaceSize: 1.00 GB
Initial GC threshold: 21.00 MB
Current GC threshold: 97.31 MB
CDS: on
 - commit_granule_bytes: 65536.
 - commit_granule_words: 8192.
 - virtual_space_node_default_size: 8388608.
 - enlarge_chunks_in_place: 1.
 - use_allocation_guard: 0.


Internal statistics:

num_allocs_failed_limit: 9.
num_arena_births: 1240.
num_arena_deaths: 22.
num_vsnodes_births: 2.
num_vsnodes_deaths: 0.
num_space_committed: 1042.
num_space_uncommitted: 0.
num_chunks_returned_to_freelist: 35.
num_chunks_taken_from_freelist: 4336.
num_chunk_merges: 12.
num_chunk_splits: 2678.
num_chunks_enlarged: 1509.
num_inconsistent_stats: 0.

CodeHeap 'non-profiled nmethods': size=120000Kb used=7011Kb max_used=7011Kb free=112988Kb
 bounds [0x000000000d8b0000, 0x000000000df90000, 0x0000000014de0000]
CodeHeap 'profiled nmethods': size=120000Kb used=24071Kb max_used=24071Kb free=95928Kb
 bounds [0x0000000005de0000, 0x0000000007570000, 0x000000000d310000]
CodeHeap 'non-nmethods': size=5760Kb used=1436Kb max_used=1482Kb free=4323Kb
 bounds [0x000000000d310000, 0x000000000d580000, 0x000000000d8b0000]
CodeCache: size=245760Kb, used=32518Kb, max_used=32564Kb, free=213239Kb
 total_blobs=11571, nmethods=10826, adapters=650, full_count=0
Compilation: enabled, stopped_count=0, restarted_count=0

Compilation events (20 events):
Event: 20.787 Thread 0x0000000019689790 nmethod 11569 0x0000000007554c90 code [0x0000000007554ec0, 0x0000000007555520]
Event: 20.787 Thread 0x0000000019689790 11570       2       org.eclipse.jdt.internal.compiler.lookup.CompilationUnitScope::recordTypeReferences (74 bytes)
Event: 20.787 Thread 0x0000000019689790 nmethod 11570 0x0000000007555790 code [0x0000000007555980, 0x0000000007555cd8]
Event: 20.787 Thread 0x0000000019689790 11571       2       org.eclipse.jdt.internal.compiler.lookup.TypeBinding::capture (2 bytes)
Event: 20.788 Thread 0x0000000019689790 nmethod 11571 0x0000000007555f10 code [0x00000000075560a0, 0x00000000075561a8]
Event: 20.788 Thread 0x0000000019689790 11572       2       org.eclipse.jdt.internal.compiler.ast.ASTNode::isMethodUseDeprecated (193 bytes)
Event: 20.789 Thread 0x0000000019689790 nmethod 11572 0x0000000007556290 code [0x0000000007556560, 0x0000000007556eb8]
Event: 20.789 Thread 0x0000000019689790 11576       2       org.eclipse.jdt.internal.compiler.lookup.BlockScope::findVariable (70 bytes)
Event: 20.790 Thread 0x0000000019689790 nmethod 11576 0x0000000007557610 code [0x00000000075577e0, 0x0000000007557a58]
Event: 20.790 Thread 0x0000000019689790 11575       2       org.eclipse.jdt.internal.compiler.ast.Statement::bindingsWhenTrue (4 bytes)
Event: 20.790 Thread 0x0000000019689790 nmethod 11575 0x0000000007557c10 code [0x0000000007557da0, 0x0000000007557eb0]
Event: 20.790 Thread 0x0000000019689790 11573       2       java.lang.invoke.LambdaForm$MH/0x000000001b218c00::invokeExact_MT (23 bytes)
Event: 20.790 Thread 0x0000000019689790 nmethod 11573 0x0000000007557f90 code [0x0000000007558160, 0x0000000007558378]
Event: 20.791 Thread 0x0000000019689790 11578       2       org.eclipse.jdt.internal.compiler.ast.StringLiteral::literalType (5 bytes)
Event: 20.791 Thread 0x0000000019689790 nmethod 11578 0x0000000007558590 code [0x0000000007558740, 0x00000000075588d0]
Event: 20.791 Thread 0x0000000019689790 11579       2       org.eclipse.jdt.internal.compiler.lookup.Scope::getJavaLangObject (24 bytes)
Event: 20.791 Thread 0x0000000019689790 nmethod 11579 0x0000000007558a10 code [0x0000000007558bc0, 0x0000000007558d50]
Event: 20.791 Thread 0x0000000019689790 11581       3       org.eclipse.jdt.internal.compiler.ast.ASTNode::reportPreviewAPI (22 bytes)
Event: 20.791 Thread 0x0000000019689790 nmethod 11581 0x0000000007558e90 code [0x0000000007559060, 0x0000000007559348]
Event: 20.791 Thread 0x0000000019689790 11580       2       org.eclipse.jdt.internal.compiler.ast.SingleNameReference::resolveType (411 bytes)

GC Heap History (20 events):
Event: 14.028 GC heap before
{Heap before GC invocations=94 (full 3):
 PSYoungGen      total 17920K, used 17909K [0x00000000d5580000, 0x00000000d6a00000, 0x0000000100000000)
  eden space 16384K, 100% used [0x00000000d5580000,0x00000000d6580000,0x00000000d6580000)
  from space 1536K, 99% used [0x00000000d6780000,0x00000000d68fd5a8,0x00000000d6900000)
  to   space 2048K, 0% used [0x00000000d6580000,0x00000000d6580000,0x00000000d6780000)
 ParOldGen       total 75776K, used 60899K [0x0000000080000000, 0x0000000084a00000, 0x00000000d5580000)
  object space 75776K, 80% used [0x0000000080000000,0x0000000083b78df8,0x0000000084a00000)
 Metaspace       used 58888K, committed 60224K, reserved 1114112K
  class space    used 6318K, committed 6912K, reserved 1048576K
}
Event: 14.030 GC heap after
{Heap after GC invocations=94 (full 3):
 PSYoungGen      total 17408K, used 630K [0x00000000d5580000, 0x00000000d6880000, 0x0000000100000000)
  eden space 16384K, 0% used [0x00000000d5580000,0x00000000d5580000,0x00000000d6580000)
  from space 1024K, 61% used [0x00000000d6580000,0x00000000d661dab0,0x00000000d6680000)
  to   space 1536K, 0% used [0x00000000d6700000,0x00000000d6700000,0x00000000d6880000)
 ParOldGen       total 75776K, used 61561K [0x0000000080000000, 0x0000000084a00000, 0x00000000d5580000)
  object space 75776K, 81% used [0x0000000080000000,0x0000000083c1e4e8,0x0000000084a00000)
 Metaspace       used 58888K, committed 60224K, reserved 1114112K
  class space    used 6318K, committed 6912K, reserved 1048576K
}
Event: 14.121 GC heap before
{Heap before GC invocations=95 (full 3):
 PSYoungGen      total 17408K, used 17014K [0x00000000d5580000, 0x00000000d6880000, 0x0000000100000000)
  eden space 16384K, 100% used [0x00000000d5580000,0x00000000d6580000,0x00000000d6580000)
  from space 1024K, 61% used [0x00000000d6580000,0x00000000d661dab0,0x00000000d6680000)
  to   space 1536K, 0% used [0x00000000d6700000,0x00000000d6700000,0x00000000d6880000)
 ParOldGen       total 75776K, used 61561K [0x0000000080000000, 0x0000000084a00000, 0x00000000d5580000)
  object space 75776K, 81% used [0x0000000080000000,0x0000000083c1e4e8,0x0000000084a00000)
 Metaspace       used 60014K, committed 61376K, reserved 1114112K
  class space    used 6419K, committed 7040K, reserved 1048576K
}
Event: 14.125 GC heap after
{Heap after GC invocations=95 (full 3):
 PSYoungGen      total 17408K, used 645K [0x00000000d5580000, 0x00000000d6800000, 0x0000000100000000)
  eden space 16384K, 0% used [0x00000000d5580000,0x00000000d5580000,0x00000000d6580000)
  from space 1024K, 63% used [0x00000000d6700000,0x00000000d67a1590,0x00000000d6800000)
  to   space 1024K, 0% used [0x00000000d6580000,0x00000000d6580000,0x00000000d6680000)
 ParOldGen       total 75776K, used 61585K [0x0000000080000000, 0x0000000084a00000, 0x00000000d5580000)
  object space 75776K, 81% used [0x0000000080000000,0x0000000083c244e8,0x0000000084a00000)
 Metaspace       used 60014K, committed 61376K, reserved 1114112K
  class space    used 6419K, committed 7040K, reserved 1048576K
}
Event: 14.354 GC heap before
{Heap before GC invocations=96 (full 3):
 PSYoungGen      total 17408K, used 17029K [0x00000000d5580000, 0x00000000d6800000, 0x0000000100000000)
  eden space 16384K, 100% used [0x00000000d5580000,0x00000000d6580000,0x00000000d6580000)
  from space 1024K, 63% used [0x00000000d6700000,0x00000000d67a1590,0x00000000d6800000)
  to   space 1024K, 0% used [0x00000000d6580000,0x00000000d6580000,0x00000000d6680000)
 ParOldGen       total 75776K, used 61585K [0x0000000080000000, 0x0000000084a00000, 0x00000000d5580000)
  object space 75776K, 81% used [0x0000000080000000,0x0000000083c244e8,0x0000000084a00000)
 Metaspace       used 61631K, committed 63040K, reserved 1114112K
  class space    used 6596K, committed 7232K, reserved 1048576K
}
Event: 14.356 GC heap after
{Heap after GC invocations=96 (full 3):
 PSYoungGen      total 17408K, used 995K [0x00000000d5580000, 0x00000000d6980000, 0x0000000100000000)
  eden space 16384K, 0% used [0x00000000d5580000,0x00000000d5580000,0x00000000d6580000)
  from space 1024K, 97% used [0x00000000d6580000,0x00000000d6678da0,0x00000000d6680000)
  to   space 2048K, 0% used [0x00000000d6780000,0x00000000d6780000,0x00000000d6980000)
 ParOldGen       total 75776K, used 62279K [0x0000000080000000, 0x0000000084a00000, 0x00000000d5580000)
  object space 75776K, 82% used [0x0000000080000000,0x0000000083cd1ec8,0x0000000084a00000)
 Metaspace       used 61631K, committed 63040K, reserved 1114112K
  class space    used 6596K, committed 7232K, reserved 1048576K
}
Event: 19.188 GC heap before
{Heap before GC invocations=97 (full 3):
 PSYoungGen      total 17408K, used 17379K [0x00000000d5580000, 0x00000000d6980000, 0x0000000100000000)
  eden space 16384K, 100% used [0x00000000d5580000,0x00000000d6580000,0x00000000d6580000)
  from space 1024K, 97% used [0x00000000d6580000,0x00000000d6678da0,0x00000000d6680000)
  to   space 2048K, 0% used [0x00000000d6780000,0x00000000d6780000,0x00000000d6980000)
 ParOldGen       total 75776K, used 62279K [0x0000000080000000, 0x0000000084a00000, 0x00000000d5580000)
  object space 75776K, 82% used [0x0000000080000000,0x0000000083cd1ec8,0x0000000084a00000)
 Metaspace       used 62594K, committed 64000K, reserved 1114112K
  class space    used 6688K, committed 7296K, reserved 1048576K
}
Event: 19.191 GC heap after
{Heap after GC invocations=97 (full 3):
 PSYoungGen      total 14848K, used 2016K [0x00000000d5580000, 0x00000000d7080000, 0x0000000100000000)
  eden space 12800K, 0% used [0x00000000d5580000,0x00000000d5580000,0x00000000d6200000)
  from space 2048K, 98% used [0x00000000d6780000,0x00000000d6978030,0x00000000d6980000)
  to   space 5632K, 0% used [0x00000000d6200000,0x00000000d6200000,0x00000000d6780000)
 ParOldGen       total 75776K, used 65262K [0x0000000080000000, 0x0000000084a00000, 0x00000000d5580000)
  object space 75776K, 86% used [0x0000000080000000,0x0000000083fbb8a0,0x0000000084a00000)
 Metaspace       used 62594K, committed 64000K, reserved 1114112K
  class space    used 6688K, committed 7296K, reserved 1048576K
}
Event: 19.429 GC heap before
{Heap before GC invocations=98 (full 3):
 PSYoungGen      total 14848K, used 14816K [0x00000000d5580000, 0x00000000d7080000, 0x0000000100000000)
  eden space 12800K, 100% used [0x00000000d5580000,0x00000000d6200000,0x00000000d6200000)
  from space 2048K, 98% used [0x00000000d6780000,0x00000000d6978030,0x00000000d6980000)
  to   space 5632K, 0% used [0x00000000d6200000,0x00000000d6200000,0x00000000d6780000)
 ParOldGen       total 75776K, used 65262K [0x0000000080000000, 0x0000000084a00000, 0x00000000d5580000)
  object space 75776K, 86% used [0x0000000080000000,0x0000000083fbb8a0,0x0000000084a00000)
 Metaspace       used 63295K, committed 64704K, reserved 1114112K
  class space    used 6757K, committed 7360K, reserved 1048576K
}
Event: 19.432 GC heap after
{Heap after GC invocations=98 (full 3):
 PSYoungGen      total 16896K, used 3956K [0x00000000d5580000, 0x00000000d6b00000, 0x0000000100000000)
  eden space 12800K, 0% used [0x00000000d5580000,0x00000000d5580000,0x00000000d6200000)
  from space 4096K, 96% used [0x00000000d6200000,0x00000000d65dd3e0,0x00000000d6600000)
  to   space 4608K, 0% used [0x00000000d6680000,0x00000000d6680000,0x00000000d6b00000)
 ParOldGen       total 75776K, used 67130K [0x0000000080000000, 0x0000000084a00000, 0x00000000d5580000)
  object space 75776K, 88% used [0x0000000080000000,0x000000008418eb60,0x0000000084a00000)
 Metaspace       used 63295K, committed 64704K, reserved 1114112K
  class space    used 6757K, committed 7360K, reserved 1048576K
}
Event: 19.506 GC heap before
{Heap before GC invocations=99 (full 3):
 PSYoungGen      total 16896K, used 16756K [0x00000000d5580000, 0x00000000d6b00000, 0x0000000100000000)
  eden space 12800K, 100% used [0x00000000d5580000,0x00000000d6200000,0x00000000d6200000)
  from space 4096K, 96% used [0x00000000d6200000,0x00000000d65dd3e0,0x00000000d6600000)
  to   space 4608K, 0% used [0x00000000d6680000,0x00000000d6680000,0x00000000d6b00000)
 ParOldGen       total 75776K, used 67130K [0x0000000080000000, 0x0000000084a00000, 0x00000000d5580000)
  object space 75776K, 88% used [0x0000000080000000,0x000000008418eb60,0x0000000084a00000)
 Metaspace       used 63343K, committed 64704K, reserved 1114112K
  class space    used 6762K, committed 7360K, reserved 1048576K
}
Event: 19.510 GC heap after
{Heap after GC invocations=99 (full 3):
 PSYoungGen      total 16896K, used 3667K [0x00000000d5580000, 0x00000000d6a80000, 0x0000000100000000)
  eden space 12800K, 0% used [0x00000000d5580000,0x00000000d5580000,0x00000000d6200000)
  from space 4096K, 89% used [0x00000000d6680000,0x00000000d6a14eb8,0x00000000d6a80000)
  to   space 4096K, 0% used [0x00000000d6200000,0x00000000d6200000,0x00000000d6600000)
 ParOldGen       total 75776K, used 70928K [0x0000000080000000, 0x0000000084a00000, 0x00000000d5580000)
  object space 75776K, 93% used [0x0000000080000000,0x00000000845443c0,0x0000000084a00000)
 Metaspace       used 63343K, committed 64704K, reserved 1114112K
  class space    used 6762K, committed 7360K, reserved 1048576K
}
Event: 19.826 GC heap before
{Heap before GC invocations=100 (full 3):
 PSYoungGen      total 16896K, used 16467K [0x00000000d5580000, 0x00000000d6a80000, 0x0000000100000000)
  eden space 12800K, 100% used [0x00000000d5580000,0x00000000d6200000,0x00000000d6200000)
  from space 4096K, 89% used [0x00000000d6680000,0x00000000d6a14eb8,0x00000000d6a80000)
  to   space 4096K, 0% used [0x00000000d6200000,0x00000000d6200000,0x00000000d6600000)
 ParOldGen       total 75776K, used 70928K [0x0000000080000000, 0x0000000084a00000, 0x00000000d5580000)
  object space 75776K, 93% used [0x0000000080000000,0x00000000845443c0,0x0000000084a00000)
 Metaspace       used 63722K, committed 65152K, reserved 1114112K
  class space    used 6804K, committed 7424K, reserved 1048576K
}
Event: 19.830 GC heap after
{Heap after GC invocations=100 (full 3):
 PSYoungGen      total 14848K, used 1984K [0x00000000d5580000, 0x00000000d6800000, 0x0000000100000000)
  eden space 12800K, 0% used [0x00000000d5580000,0x00000000d5580000,0x00000000d6200000)
  from space 2048K, 96% used [0x00000000d6200000,0x00000000d63f0010,0x00000000d6400000)
  to   space 3072K, 0% used [0x00000000d6500000,0x00000000d6500000,0x00000000d6800000)
 ParOldGen       total 75776K, used 74428K [0x0000000080000000, 0x0000000084a00000, 0x00000000d5580000)
  object space 75776K, 98% used [0x0000000080000000,0x00000000848af3c0,0x0000000084a00000)
 Metaspace       used 63722K, committed 65152K, reserved 1114112K
  class space    used 6804K, committed 7424K, reserved 1048576K
}
Event: 20.045 GC heap before
{Heap before GC invocations=101 (full 3):
 PSYoungGen      total 14848K, used 14784K [0x00000000d5580000, 0x00000000d6800000, 0x0000000100000000)
  eden space 12800K, 100% used [0x00000000d5580000,0x00000000d6200000,0x00000000d6200000)
  from space 2048K, 96% used [0x00000000d6200000,0x00000000d63f0010,0x00000000d6400000)
  to   space 3072K, 0% used [0x00000000d6500000,0x00000000d6500000,0x00000000d6800000)
 ParOldGen       total 75776K, used 74428K [0x0000000080000000, 0x0000000084a00000, 0x00000000d5580000)
  object space 75776K, 98% used [0x0000000080000000,0x00000000848af3c0,0x0000000084a00000)
 Metaspace       used 63876K, committed 65280K, reserved 1114112K
  class space    used 6814K, committed 7424K, reserved 1048576K
}
Event: 20.048 GC heap after
{Heap after GC invocations=101 (full 3):
 PSYoungGen      total 14336K, used 1328K [0x00000000d5580000, 0x00000000d6680000, 0x0000000100000000)
  eden space 12800K, 0% used [0x00000000d5580000,0x00000000d5580000,0x00000000d6200000)
  from space 1536K, 86% used [0x00000000d6500000,0x00000000d664c050,0x00000000d6680000)
  to   space 2048K, 0% used [0x00000000d6280000,0x00000000d6280000,0x00000000d6480000)
 ParOldGen       total 76800K, used 76337K [0x0000000080000000, 0x0000000084b00000, 0x00000000d5580000)
  object space 76800K, 99% used [0x0000000080000000,0x0000000084a8c4b0,0x0000000084b00000)
 Metaspace       used 63876K, committed 65280K, reserved 1114112K
  class space    used 6814K, committed 7424K, reserved 1048576K
}
Event: 20.323 GC heap before
{Heap before GC invocations=102 (full 3):
 PSYoungGen      total 14336K, used 14128K [0x00000000d5580000, 0x00000000d6680000, 0x0000000100000000)
  eden space 12800K, 100% used [0x00000000d5580000,0x00000000d6200000,0x00000000d6200000)
  from space 1536K, 86% used [0x00000000d6500000,0x00000000d664c050,0x00000000d6680000)
  to   space 2048K, 0% used [0x00000000d6280000,0x00000000d6280000,0x00000000d6480000)
 ParOldGen       total 76800K, used 76337K [0x0000000080000000, 0x0000000084b00000, 0x00000000d5580000)
  object space 76800K, 99% used [0x0000000080000000,0x0000000084a8c4b0,0x0000000084b00000)
 Metaspace       used 64258K, committed 65600K, reserved 1114112K
  class space    used 6837K, committed 7424K, reserved 1048576K
}
Event: 20.326 GC heap after
{Heap after GC invocations=102 (full 3):
 PSYoungGen      total 14336K, used 1504K [0x00000000d5580000, 0x00000000d6600000, 0x0000000100000000)
  eden space 12800K, 0% used [0x00000000d5580000,0x00000000d5580000,0x00000000d6200000)
  from space 1536K, 97% used [0x00000000d6280000,0x00000000d63f8020,0x00000000d6400000)
  to   space 2048K, 0% used [0x00000000d6400000,0x00000000d6400000,0x00000000d6600000)
 ParOldGen       total 77824K, used 77528K [0x0000000080000000, 0x0000000084c00000, 0x00000000d5580000)
  object space 77824K, 99% used [0x0000000080000000,0x0000000084bb6128,0x0000000084c00000)
 Metaspace       used 64258K, committed 65600K, reserved 1114112K
  class space    used 6837K, committed 7424K, reserved 1048576K
}
Event: 20.694 GC heap before
{Heap before GC invocations=103 (full 3):
 PSYoungGen      total 14336K, used 14304K [0x00000000d5580000, 0x00000000d6600000, 0x0000000100000000)
  eden space 12800K, 100% used [0x00000000d5580000,0x00000000d6200000,0x00000000d6200000)
  from space 1536K, 97% used [0x00000000d6280000,0x00000000d63f8020,0x00000000d6400000)
  to   space 2048K, 0% used [0x00000000d6400000,0x00000000d6400000,0x00000000d6600000)
 ParOldGen       total 77824K, used 77528K [0x0000000080000000, 0x0000000084c00000, 0x00000000d5580000)
  object space 77824K, 99% used [0x0000000080000000,0x0000000084bb6128,0x0000000084c00000)
 Metaspace       used 64931K, committed 66368K, reserved 1114112K
  class space    used 6881K, committed 7488K, reserved 1048576K
}
Event: 20.698 GC heap after
{Heap after GC invocations=103 (full 3):
 PSYoungGen      total 14336K, used 1376K [0x00000000d5580000, 0x00000000d6580000, 0x0000000100000000)
  eden space 12800K, 0% used [0x00000000d5580000,0x00000000d5580000,0x00000000d6200000)
  from space 1536K, 89% used [0x00000000d6400000,0x00000000d6558020,0x00000000d6580000)
  to   space 1536K, 0% used [0x00000000d6280000,0x00000000d6280000,0x00000000d6400000)
 ParOldGen       total 79360K, used 78930K [0x0000000080000000, 0x0000000084d80000, 0x00000000d5580000)
  object space 79360K, 99% used [0x0000000080000000,0x0000000084d148e0,0x0000000084d80000)
 Metaspace       used 64931K, committed 66368K, reserved 1114112K
  class space    used 6881K, committed 7488K, reserved 1048576K
}

Dll operation events (10 events):
Event: 0.014 Loaded shared library c:\Users\willian\.antigravity\extensions\redhat.java-1.51.0-win32-x64\jre\21.0.9-win32-x86_64\bin\java.dll
Event: 0.138 Loaded shared library c:\Users\willian\.antigravity\extensions\redhat.java-1.51.0-win32-x64\jre\21.0.9-win32-x86_64\bin\zip.dll
Event: 0.171 Loaded shared library C:\Users\willian\.antigravity\extensions\redhat.java-1.51.0-win32-x64\jre\21.0.9-win32-x86_64\bin\instrument.dll
Event: 0.180 Loaded shared library C:\Users\willian\.antigravity\extensions\redhat.java-1.51.0-win32-x64\jre\21.0.9-win32-x86_64\bin\net.dll
Event: 0.184 Loaded shared library C:\Users\willian\.antigravity\extensions\redhat.java-1.51.0-win32-x64\jre\21.0.9-win32-x86_64\bin\nio.dll
Event: 0.190 Loaded shared library C:\Users\willian\.antigravity\extensions\redhat.java-1.51.0-win32-x64\jre\21.0.9-win32-x86_64\bin\zip.dll
Event: 0.220 Loaded shared library C:\Users\willian\.antigravity\extensions\redhat.java-1.51.0-win32-x64\jre\21.0.9-win32-x86_64\bin\jimage.dll
Event: 0.374 Loaded shared library c:\Users\willian\.antigravity\extensions\redhat.java-1.51.0-win32-x64\jre\21.0.9-win32-x86_64\bin\verify.dll
Event: 2.788 Loaded shared library C:\Users\willian\AppData\Roaming\Antigravity\User\globalStorage\redhat.java\1.51.0\config_win\org.eclipse.equinox.launcher\org.eclipse.equinox.launcher.win32.win32.x86_64_1.2.1400.v20250801-0854\eclipse_11916.dll
Event: 4.701 Loaded shared library C:\Users\willian\AppData\Local\Temp\jna-1347878212\jna16770413927199800881.dll

Deoptimization events (20 events):
Event: 20.608 Thread 0x0000000065e4d880 Uncommon trap: trap_request=0xffffffc6 fr.pc=0x000000000df72144 relative=0x0000000000000344
Event: 20.608 Thread 0x0000000065e4d880 Uncommon trap: reason=bimorphic_or_optimized_type_check action=maybe_recompile pc=0x000000000df72144 method=lombok.eclipse.EclipseNode.traverse(Llombok/eclipse/EclipseASTVisitor;)V @ 591 c2
Event: 20.608 Thread 0x0000000065e4d880 DEOPT PACKING pc=0x000000000df72144 sp=0x000000007120eb40
Event: 20.608 Thread 0x0000000065e4d880 DEOPT UNPACKING pc=0x000000000d363aa2 sp=0x000000007120eac8 mode 2
Event: 20.608 Thread 0x0000000065e4d880 Uncommon trap: trap_request=0xffffffc6 fr.pc=0x000000000df72144 relative=0x0000000000000344
Event: 20.608 Thread 0x0000000065e4d880 Uncommon trap: reason=bimorphic_or_optimized_type_check action=maybe_recompile pc=0x000000000df72144 method=lombok.eclipse.EclipseNode.traverse(Llombok/eclipse/EclipseASTVisitor;)V @ 591 c2
Event: 20.608 Thread 0x0000000065e4d880 DEOPT PACKING pc=0x000000000df72144 sp=0x000000007120eb40
Event: 20.608 Thread 0x0000000065e4d880 DEOPT UNPACKING pc=0x000000000d363aa2 sp=0x000000007120eac8 mode 2
Event: 20.690 Thread 0x0000000065e4d880 Uncommon trap: trap_request=0xffffffde fr.pc=0x000000000db486a0 relative=0x00000000000005a0
Event: 20.690 Thread 0x0000000065e4d880 Uncommon trap: reason=class_check action=maybe_recompile pc=0x000000000db486a0 method=java.util.HashMap.removeNode(ILjava/lang/Object;Ljava/lang/Object;ZZ)Ljava/util/HashMap$Node; @ 143 c2
Event: 20.690 Thread 0x0000000065e4d880 DEOPT PACKING pc=0x000000000db486a0 sp=0x000000007120eaa0
Event: 20.690 Thread 0x0000000065e4d880 DEOPT UNPACKING pc=0x000000000d363aa2 sp=0x000000007120e998 mode 2
Event: 20.710 Thread 0x000000006270da90 Uncommon trap: trap_request=0xffffffc6 fr.pc=0x000000000da2af88 relative=0x00000000000001e8
Event: 20.710 Thread 0x000000006270da90 Uncommon trap: reason=bimorphic_or_optimized_type_check action=maybe_recompile pc=0x000000000da2af88 method=java.util.Collections.eq(Ljava/lang/Object;Ljava/lang/Object;)Z @ 18 c2
Event: 20.710 Thread 0x000000006270da90 DEOPT PACKING pc=0x000000000da2af88 sp=0x000000006839db50
Event: 20.710 Thread 0x000000006270da90 DEOPT UNPACKING pc=0x000000000d363aa2 sp=0x000000006839da90 mode 2
Event: 20.711 Thread 0x000000006270da90 Uncommon trap: trap_request=0xffffffc6 fr.pc=0x000000000da2af88 relative=0x00000000000001e8
Event: 20.711 Thread 0x000000006270da90 Uncommon trap: reason=bimorphic_or_optimized_type_check action=maybe_recompile pc=0x000000000da2af88 method=java.util.Collections.eq(Ljava/lang/Object;Ljava/lang/Object;)Z @ 18 c2
Event: 20.711 Thread 0x000000006270da90 DEOPT PACKING pc=0x000000000da2af88 sp=0x000000006839dcb0
Event: 20.711 Thread 0x000000006270da90 DEOPT UNPACKING pc=0x000000000d363aa2 sp=0x000000006839dbf0 mode 2

Classes loaded (20 events):
Event: 19.152 Loading class java/nio/file/attribute/PosixFileAttributes
Event: 19.152 Loading class java/nio/file/attribute/PosixFileAttributes done
Event: 19.163 Loading class java/nio/file/attribute/PosixFileAttributeView
Event: 19.163 Loading class java/nio/file/attribute/PosixFileAttributeView done
Event: 19.247 Loading class java/nio/file/DirectoryIteratorException
Event: 19.247 Loading class java/nio/file/DirectoryIteratorException done
Event: 19.473 Loading class java/nio/file/FileTreeIterator
Event: 19.473 Loading class java/nio/file/FileTreeIterator done
Event: 20.150 Loading class java/nio/file/Files$2
Event: 20.150 Loading class java/nio/file/Files$2 done
Event: 20.565 Loading class jdk/internal/module/IllegalAccessLogger
Event: 20.565 Loading class jdk/internal/module/IllegalAccessLogger done
Event: 20.573 Loading class java/util/concurrent/ArrayBlockingQueue
Event: 20.574 Loading class java/util/concurrent/ArrayBlockingQueue done
Event: 20.600 Loading class java/util/concurrent/ConcurrentHashMap$KeySpliterator
Event: 20.601 Loading class java/util/concurrent/ConcurrentHashMap$KeySpliterator done
Event: 20.607 Loading class sun/nio/ch/ChannelOutputStream
Event: 20.607 Loading class sun/nio/ch/ChannelOutputStream done
Event: 20.699 Loading class java/util/ArrayDeque$DeqSpliterator
Event: 20.699 Loading class java/util/ArrayDeque$DeqSpliterator done

Classes unloaded (11 events):
Event: 5.504 Thread 0x000000001965e0c0 Unloading class 0x000000001b1a3800 'java/lang/invoke/LambdaForm$MH+0x000000001b1a3800'
Event: 5.504 Thread 0x000000001965e0c0 Unloading class 0x000000001b1a3400 'java/lang/invoke/LambdaForm$MH+0x000000001b1a3400'
Event: 5.504 Thread 0x000000001965e0c0 Unloading class 0x000000001b1a3000 'java/lang/invoke/LambdaForm$MH+0x000000001b1a3000'
Event: 5.504 Thread 0x000000001965e0c0 Unloading class 0x000000001b1a2c00 'java/lang/invoke/LambdaForm$MH+0x000000001b1a2c00'
Event: 5.504 Thread 0x000000001965e0c0 Unloading class 0x000000001b1a2800 'java/lang/invoke/LambdaForm$BMH+0x000000001b1a2800'
Event: 5.504 Thread 0x000000001965e0c0 Unloading class 0x000000001b1a2400 'java/lang/invoke/LambdaForm$DMH+0x000000001b1a2400'
Event: 5.504 Thread 0x000000001965e0c0 Unloading class 0x000000001b1a1000 'java/lang/invoke/LambdaForm$DMH+0x000000001b1a1000'
Event: 13.682 Thread 0x000000001965e0c0 Unloading class 0x000000001b6bd000 'java/lang/invoke/LambdaForm$DMH+0x000000001b6bd000'
Event: 13.682 Thread 0x000000001965e0c0 Unloading class 0x000000001b6bc400 'java/lang/invoke/LambdaForm$DMH+0x000000001b6bc400'
Event: 13.682 Thread 0x000000001965e0c0 Unloading class 0x000000001b6bcc00 'java/lang/invoke/LambdaForm$DMH+0x000000001b6bcc00'
Event: 13.682 Thread 0x000000001965e0c0 Unloading class 0x000000001b6bc800 'java/lang/invoke/LambdaForm$DMH+0x000000001b6bc800'

Classes redefined (0 events):
No events

Internal exceptions (20 events):
Event: 14.185 Thread 0x000000006270da90 Exception <a 'java/lang/NoSuchMethodError'{0x00000000d5a3c210}: 'java.lang.Object java.lang.invoke.DirectMethodHandle$Holder.invokeStatic(java.lang.Object, java.lang.Object, int, java.lang.Object)'> (0x00000000d5a3c210) 
thrown [s\src\hotspot\share\interpreter\linkResolver.cpp, line 773]
Event: 14.186 Thread 0x000000006270da90 Exception <a 'java/lang/NoSuchMethodError'{0x00000000d5a42920}: 'java.lang.Object java.lang.invoke.DirectMethodHandle$Holder.newInvokeSpecial(java.lang.Object, java.lang.Object, int)'> (0x00000000d5a42920) 
thrown [s\src\hotspot\share\interpreter\linkResolver.cpp, line 773]
Event: 14.216 Thread 0x0000000065fdf070 Exception <a 'java/lang/LinkageError'{0x00000000d5dfc360}: loader lombok.launch.ShadowClassLoader @19d86f03 attempted duplicate class definition for lombok.launch.PatchFixesHider$ExtensionMethod. (lombok.launch.PatchFixesHider$ExtensionMethod is in unnamed module of loader lombok.launch.ShadowClassLoader @19d86f03, parent loader org.eclipse.osgi.internal.loader.EquinoxClassLoader @37ff81eb)> (0x00000000d5dfc360) 
thrown [s\src\hotspot\share\classfile\systemDictionary.cpp, line 1682]
Event: 14.268 Thread 0x0000000062711c30 Exception <a 'java/lang/NoSuchMethodError'{0x00000000d60654d8}: 'void java.lang.invoke.DirectMethodHandle$Holder.invokeStatic(java.lang.Object, int, java.lang.Object)'> (0x00000000d60654d8) 
thrown [s\src\hotspot\share\interpreter\linkResolver.cpp, line 773]
Event: 14.268 Thread 0x0000000065fdf070 Exception <a 'java/lang/NoSuchMethodError'{0x00000000d6051d48}: 'void java.lang.invoke.DirectMethodHandle$Holder.invokeStatic(java.lang.Object, int, java.lang.Object)'> (0x00000000d6051d48) 
thrown [s\src\hotspot\share\interpreter\linkResolver.cpp, line 773]
Event: 14.317 Thread 0x0000000062711c30 Exception <a 'java/io/FileNotFoundException'{0x00000000d62dbbf8}> (0x00000000d62dbbf8) 
thrown [s\src\hotspot\share\prims\jni.cpp, line 520]
Event: 14.318 Thread 0x0000000062711c30 Exception <a 'java/io/FileNotFoundException'{0x00000000d62dcd58}> (0x00000000d62dcd58) 
thrown [s\src\hotspot\share\prims\jni.cpp, line 520]
Event: 14.318 Thread 0x0000000062711c30 Exception <a 'java/io/FileNotFoundException'{0x00000000d62ddb28}> (0x00000000d62ddb28) 
thrown [s\src\hotspot\share\prims\jni.cpp, line 520]
Event: 18.989 Thread 0x0000000065fdf700 Exception <a 'sun/nio/fs/WindowsException'{0x00000000d5f93320}> (0x00000000d5f93320) 
thrown [s\src\hotspot\share\prims\jni.cpp, line 520]
Event: 18.990 Thread 0x0000000065fdf700 Exception <a 'sun/nio/fs/WindowsException'{0x00000000d5f93e90}> (0x00000000d5f93e90) 
thrown [s\src\hotspot\share\prims\jni.cpp, line 520]
Event: 19.388 Thread 0x000000006270da90 Exception <a 'sun/nio/fs/WindowsException'{0x00000000d5f01a00}> (0x00000000d5f01a00) 
thrown [s\src\hotspot\share\prims\jni.cpp, line 520]
Event: 19.389 Thread 0x00000000617b88e0 Exception <a 'sun/nio/fs/WindowsException'{0x00000000d5f17c08}> (0x00000000d5f17c08) 
thrown [s\src\hotspot\share\prims\jni.cpp, line 520]
Event: 19.390 Thread 0x00000000617b88e0 Exception <a 'sun/nio/fs/WindowsException'{0x00000000d5f1a1d8}> (0x00000000d5f1a1d8) 
thrown [s\src\hotspot\share\prims\jni.cpp, line 520]
Event: 19.390 Thread 0x00000000617b88e0 Exception <a 'sun/nio/fs/WindowsException'{0x00000000d5f1b620}> (0x00000000d5f1b620) 
thrown [s\src\hotspot\share\prims\jni.cpp, line 520]
Event: 19.391 Thread 0x00000000617b4740 Exception <a 'sun/nio/fs/WindowsException'{0x00000000d5f38358}> (0x00000000d5f38358) 
thrown [s\src\hotspot\share\prims\jni.cpp, line 520]
Event: 19.730 Thread 0x000000006270da90 Exception <a 'java/lang/NoSuchMethodError'{0x00000000d5ed2e70}: 'java.lang.Object java.lang.invoke.DirectMethodHandle$Holder.invokeStatic(java.lang.Object, java.lang.Object, int, int)'> (0x00000000d5ed2e70) 
thrown [s\src\hotspot\share\interpreter\linkResolver.cpp, line 773]
Event: 19.731 Thread 0x000000006270da90 Exception <a 'java/lang/NoSuchMethodError'{0x00000000d5ed7180}: 'java.lang.Object java.lang.invoke.DirectMethodHandle$Holder.invokeSpecial(java.lang.Object, java.lang.Object, java.lang.Object, int, int)'> (0x00000000d5ed7180) 
thrown [s\src\hotspot\share\interpreter\linkResolver.cpp, line 773]
Event: 19.901 Thread 0x000000006270da90 Implicit null exception at 0x000000000df15925 to 0x000000000df15cbc
Event: 20.583 Thread 0x0000000065e4d880 Implicit null exception at 0x000000000def13d5 to 0x000000000def1938
Event: 20.603 Thread 0x000000006270da90 Exception <a 'java/lang/NoSuchMethodError'{0x00000000d5f86cd8}: 'java.lang.Object java.lang.invoke.DirectMethodHandle$Holder.newInvokeSpecial(java.lang.Object, java.lang.Object, int, int, java.lang.Object)'> (0x00000000d5f86cd8) 
thrown [s\src\hotspot\share\interpreter\linkResolver.cpp, line 773]

ZGC Phase Switch (0 events):
No events

VM Operations (20 events):
Event: 19.383 Executing VM operation: HandshakeAllThreads (Deoptimize)
Event: 19.383 Executing VM operation: HandshakeAllThreads (Deoptimize) done
Event: 19.429 Executing VM operation: ParallelGCFailedAllocation (Allocation Failure)
Event: 19.432 Executing VM operation: ParallelGCFailedAllocation (Allocation Failure) done
Event: 19.506 Executing VM operation: ParallelGCFailedAllocation (Allocation Failure)
Event: 19.510 Executing VM operation: ParallelGCFailedAllocation (Allocation Failure) done
Event: 19.826 Executing VM operation: ParallelGCFailedAllocation (Allocation Failure)
Event: 19.830 Executing VM operation: ParallelGCFailedAllocation (Allocation Failure) done
Event: 20.045 Executing VM operation: ParallelGCFailedAllocation (Allocation Failure)
Event: 20.048 Executing VM operation: ParallelGCFailedAllocation (Allocation Failure) done
Event: 20.323 Executing VM operation: ParallelGCFailedAllocation (Allocation Failure)
Event: 20.326 Executing VM operation: ParallelGCFailedAllocation (Allocation Failure) done
Event: 20.360 Executing VM operation: HandshakeAllThreads (Deoptimize)
Event: 20.360 Executing VM operation: HandshakeAllThreads (Deoptimize) done
Event: 20.523 Executing VM operation: ICBufferFull
Event: 20.523 Executing VM operation: ICBufferFull done
Event: 20.693 Executing VM operation: ParallelGCFailedAllocation (Allocation Failure)
Event: 20.698 Executing VM operation: ParallelGCFailedAllocation (Allocation Failure) done
Event: 20.774 Executing VM operation: HandshakeAllThreads (Deoptimize)
Event: 20.775 Executing VM operation: HandshakeAllThreads (Deoptimize) done

Memory protections (0 events):
No events

Nmethod flushes (20 events):
Event: 13.711 Thread 0x000000001965e0c0 flushing osr nmethod 0x0000000006685510
Event: 13.711 Thread 0x000000001965e0c0 flushing  nmethod 0x000000000668fa10
Event: 13.711 Thread 0x000000001965e0c0 flushing  nmethod 0x00000000066a3010
Event: 13.711 Thread 0x000000001965e0c0 flushing  nmethod 0x00000000066a6510
Event: 13.711 Thread 0x000000001965e0c0 flushing  nmethod 0x00000000066a6890
Event: 13.711 Thread 0x000000001965e0c0 flushing  nmethod 0x00000000066a7790
Event: 13.711 Thread 0x000000001965e0c0 flushing  nmethod 0x00000000066a9710
Event: 13.711 Thread 0x000000001965e0c0 flushing  nmethod 0x00000000066be490
Event: 13.711 Thread 0x000000001965e0c0 flushing  nmethod 0x00000000066bea90
Event: 13.711 Thread 0x000000001965e0c0 flushing  nmethod 0x00000000066bf310
Event: 13.711 Thread 0x000000001965e0c0 flushing  nmethod 0x00000000066bfa10
Event: 13.711 Thread 0x000000001965e0c0 flushing  nmethod 0x00000000066c4010
Event: 13.711 Thread 0x000000001965e0c0 flushing  nmethod 0x00000000066ea090
Event: 13.711 Thread 0x000000001965e0c0 flushing  nmethod 0x0000000006751c90
Event: 13.711 Thread 0x000000001965e0c0 flushing  nmethod 0x0000000006767810
Event: 13.711 Thread 0x000000001965e0c0 flushing  nmethod 0x0000000006769110
Event: 13.711 Thread 0x000000001965e0c0 flushing  nmethod 0x000000000676ac10
Event: 13.711 Thread 0x000000001965e0c0 flushing  nmethod 0x000000000676fd10
Event: 13.711 Thread 0x000000001965e0c0 flushing  nmethod 0x0000000006770710
Event: 13.711 Thread 0x000000001965e0c0 flushing  nmethod 0x0000000006776110

Events (20 events):
Event: 19.390 Thread 0x00000000617b8250 Thread added: 0x00000000617b8f70
Event: 19.390 Thread 0x00000000617b8f70 Thread added: 0x00000000617b9c90
Event: 19.390 Thread 0x00000000617b9c90 Thread added: 0x00000000617b4740
Event: 19.391 Thread 0x00000000617b4740 Thread added: 0x00000000617b2d00
Event: 19.419 Thread 0x000000006270da90 Thread added: 0x00000000617b5460
Event: 19.419 Thread 0x000000006270da90 Thread added: 0x00000000617b5af0
Event: 19.419 Thread 0x000000006270da90 Thread added: 0x00000000617b6180
Event: 19.419 Thread 0x00000000617b5460 Thread added: 0x00000000617b3390
Event: 19.419 Thread 0x00000000617b6180 Thread added: 0x0000000065e49d70
Event: 19.419 Thread 0x00000000617b3390 Thread added: 0x0000000065e4d1f0
Event: 19.420 Thread 0x0000000065e49d70 Thread added: 0x0000000065e4be40
Event: 19.420 Thread 0x00000000617b5af0 Thread added: 0x0000000065e49050
Event: 19.420 Thread 0x0000000065e4be40 Thread added: 0x0000000065e4b120
Event: 19.420 Thread 0x0000000065e49050 Thread added: 0x0000000065e496e0
Event: 20.574 Thread 0x000000006270da90 Thread added: 0x0000000065e4d880
Event: 20.604 Thread 0x000000006270da90 Thread added: 0x0000000065e4c4d0
Event: 20.641 Thread 0x000000006270da90 Thread added: 0x0000000065e4b7b0
Event: 20.670 Thread 0x000000006270da90 Thread added: 0x0000000065e4cb60
Event: 20.698 Thread 0x000000006270da90 Thread added: 0x0000000065e46f80
Event: 20.758 Thread 0x000000006270da90 Thread added: 0x0000000065e4df10


Dynamic libraries:
0x00007ff6f3df0000 - 0x00007ff6f3dfe000 	c:\Users\willian\.antigravity\extensions\redhat.java-1.51.0-win32-x64\jre\21.0.9-win32-x86_64\bin\java.exe
0x00007ffa3ba30000 - 0x00007ffa3bc28000 	C:\Windows\SYSTEM32\ntdll.dll
0x00007ffa3b930000 - 0x00007ffa3b9ef000 	C:\Windows\System32\KERNEL32.DLL
0x00007ffa394a0000 - 0x00007ffa39796000 	C:\Windows\System32\KERNELBASE.dll
0x00007ffa397a0000 - 0x00007ffa398a0000 	C:\Windows\System32\ucrtbase.dll
0x00007ffa12fe0000 - 0x00007ffa12ff8000 	c:\Users\willian\.antigravity\extensions\redhat.java-1.51.0-win32-x64\jre\21.0.9-win32-x86_64\bin\jli.dll
0x00007ffa3a5f0000 - 0x00007ffa3a78d000 	C:\Windows\System32\USER32.dll
0x00007ffa39470000 - 0x00007ffa39492000 	C:\Windows\System32\win32u.dll
0x00007ffa3aaa0000 - 0x00007ffa3aacc000 	C:\Windows\System32\GDI32.dll
0x00007ffa39180000 - 0x00007ffa39295000 	C:\Windows\System32\gdi32full.dll
0x00007ffa392a0000 - 0x00007ffa3933d000 	C:\Windows\System32\msvcp_win.dll
0x00007ffa12b70000 - 0x00007ffa12b8e000 	c:\Users\willian\.antigravity\extensions\redhat.java-1.51.0-win32-x64\jre\21.0.9-win32-x86_64\bin\VCRUNTIME140.dll
0x00007ffa273d0000 - 0x00007ffa2766a000 	C:\Windows\WinSxS\amd64_microsoft.windows.common-controls_6595b64144ccf1df_6.0.19041.1110_none_60b5254171f9507e\COMCTL32.dll
0x00007ffa3b830000 - 0x00007ffa3b8ce000 	C:\Windows\System32\msvcrt.dll
0x00007ffa3a560000 - 0x00007ffa3a590000 	C:\Windows\System32\IMM32.DLL
0x00007ffa20ff0000 - 0x00007ffa20ffc000 	c:\Users\willian\.antigravity\extensions\redhat.java-1.51.0-win32-x64\jre\21.0.9-win32-x86_64\bin\vcruntime140_1.dll
0x00007ff9efea0000 - 0x00007ff9eff2d000 	c:\Users\willian\.antigravity\extensions\redhat.java-1.51.0-win32-x64\jre\21.0.9-win32-x86_64\bin\msvcp140.dll
0x00007ff9b7a00000 - 0x00007ff9b87a0000 	c:\Users\willian\.antigravity\extensions\redhat.java-1.51.0-win32-x64\jre\21.0.9-win32-x86_64\bin\server\jvm.dll
0x00007ffa3aad0000 - 0x00007ffa3ab7f000 	C:\Windows\System32\ADVAPI32.dll
0x00007ffa3b430000 - 0x00007ffa3b4cc000 	C:\Windows\System32\sechost.dll
0x00007ffa3a3d0000 - 0x00007ffa3a4f6000 	C:\Windows\System32\RPCRT4.dll
0x00007ffa3a9a0000 - 0x00007ffa3aa0b000 	C:\Windows\System32\WS2_32.dll
0x00007ffa386a0000 - 0x00007ffa386eb000 	C:\Windows\SYSTEM32\POWRPROF.dll
0x00007ffa302b0000 - 0x00007ffa302ba000 	C:\Windows\SYSTEM32\VERSION.dll
0x00007ffa2fe30000 - 0x00007ffa2fe57000 	C:\Windows\SYSTEM32\WINMM.dll
0x00007ffa38510000 - 0x00007ffa38522000 	C:\Windows\SYSTEM32\UMPDC.dll
0x00007ffa36fb0000 - 0x00007ffa36fc2000 	C:\Windows\SYSTEM32\kernel.appcore.dll
0x00007ffa1ad70000 - 0x00007ffa1ad7a000 	c:\Users\willian\.antigravity\extensions\redhat.java-1.51.0-win32-x64\jre\21.0.9-win32-x86_64\bin\jimage.dll
0x00007ffa328d0000 - 0x00007ffa32ab4000 	C:\Windows\SYSTEM32\DBGHELP.DLL
0x00007ffa17b00000 - 0x00007ffa17b34000 	C:\Windows\SYSTEM32\dbgcore.DLL
0x00007ffa39a00000 - 0x00007ffa39a82000 	C:\Windows\System32\bcryptPrimitives.dll
0x00007ffa19aa0000 - 0x00007ffa19aaf000 	c:\Users\willian\.antigravity\extensions\redhat.java-1.51.0-win32-x64\jre\21.0.9-win32-x86_64\bin\instrument.dll
0x00007ffa12360000 - 0x00007ffa12380000 	c:\Users\willian\.antigravity\extensions\redhat.java-1.51.0-win32-x64\jre\21.0.9-win32-x86_64\bin\java.dll
0x00007ffa39c80000 - 0x00007ffa3a3c4000 	C:\Windows\System32\SHELL32.dll
0x00007ffa371b0000 - 0x00007ffa37943000 	C:\Windows\SYSTEM32\windows.storage.dll
0x00007ffa3b0d0000 - 0x00007ffa3b424000 	C:\Windows\System32\combase.dll
0x00007ffa38a90000 - 0x00007ffa38abe000 	C:\Windows\SYSTEM32\Wldp.dll
0x00007ffa39a90000 - 0x00007ffa39b3d000 	C:\Windows\System32\SHCORE.dll
0x00007ffa3b8d0000 - 0x00007ffa3b925000 	C:\Windows\System32\shlwapi.dll
0x00007ffa39050000 - 0x00007ffa3906f000 	C:\Windows\SYSTEM32\profapi.dll
0x00007ffa11f40000 - 0x00007ffa11f58000 	c:\Users\willian\.antigravity\extensions\redhat.java-1.51.0-win32-x64\jre\21.0.9-win32-x86_64\bin\zip.dll
0x00007ffa169c0000 - 0x00007ffa169d0000 	C:\Users\willian\.antigravity\extensions\redhat.java-1.51.0-win32-x64\jre\21.0.9-win32-x86_64\bin\net.dll
0x00007ffa34050000 - 0x00007ffa3415a000 	C:\Windows\SYSTEM32\WINHTTP.dll
0x00007ffa38870000 - 0x00007ffa388da000 	C:\Windows\system32\mswsock.dll
0x00007ffa10d40000 - 0x00007ffa10d56000 	C:\Users\willian\.antigravity\extensions\redhat.java-1.51.0-win32-x64\jre\21.0.9-win32-x86_64\bin\nio.dll
0x00007ffa16690000 - 0x00007ffa166a0000 	c:\Users\willian\.antigravity\extensions\redhat.java-1.51.0-win32-x64\jre\21.0.9-win32-x86_64\bin\verify.dll
0x00007ff9f4180000 - 0x00007ff9f41c4000 	C:\Users\willian\AppData\Roaming\Antigravity\User\globalStorage\redhat.java\1.51.0\config_win\org.eclipse.equinox.launcher\org.eclipse.equinox.launcher.win32.win32.x86_64_1.2.1400.v20250801-0854\eclipse_11916.dll
0x00007ffa3a790000 - 0x00007ffa3a8ba000 	C:\Windows\System32\ole32.dll
0x00007ffa38ad0000 - 0x00007ffa38ae8000 	C:\Windows\SYSTEM32\CRYPTSP.dll
0x00007ffa38140000 - 0x00007ffa38174000 	C:\Windows\system32\rsaenh.dll
0x00007ffa393f0000 - 0x00007ffa39417000 	C:\Windows\System32\bcrypt.dll
0x00007ffa38fd0000 - 0x00007ffa38ffe000 	C:\Windows\SYSTEM32\USERENV.dll
0x00007ffa38a00000 - 0x00007ffa38a0c000 	C:\Windows\SYSTEM32\CRYPTBASE.dll
0x00007ffa38530000 - 0x00007ffa3856c000 	C:\Windows\SYSTEM32\IPHLPAPI.DLL
0x00007ffa3b680000 - 0x00007ffa3b688000 	C:\Windows\System32\NSI.dll
0x00007ff9f4130000 - 0x00007ff9f4179000 	C:\Users\willian\AppData\Local\Temp\jna-1347878212\jna16770413927199800881.dll
0x00007ffa3aff0000 - 0x00007ffa3aff8000 	C:\Windows\System32\PSAPI.DLL
0x00007ffa336f0000 - 0x00007ffa33707000 	C:\Windows\SYSTEM32\dhcpcsvc6.DLL
0x00007ffa33ce0000 - 0x00007ffa33cfd000 	C:\Windows\SYSTEM32\dhcpcsvc.DLL

JVMTI agents:
c:\Users\willian\.antigravity\extensions\redhat.java-1.51.0-win32-x64\lombok\lombok-1.18.39-4050.jar path:c:\Users\willian\.antigravity\extensions\redhat.java-1.51.0-win32-x64\jre\21.0.9-win32-x86_64\bin\instrument.dll, loaded, initialized, instrumentlib options:none

dbghelp: loaded successfully - version: 4.0.5 - missing functions: none
symbol engine: initialized successfully - sym options: 0x614 - pdb path: .;c:\Users\willian\.antigravity\extensions\redhat.java-1.51.0-win32-x64\jre\21.0.9-win32-x86_64\bin;C:\Windows\SYSTEM32;C:\Windows\WinSxS\amd64_microsoft.windows.common-controls_6595b64144ccf1df_6.0.19041.1110_none_60b5254171f9507e;c:\Users\willian\.antigravity\extensions\redhat.java-1.51.0-win32-x64\jre\21.0.9-win32-x86_64\bin\server;C:\Users\willian\AppData\Roaming\Antigravity\User\globalStorage\redhat.java\1.51.0\config_win\org.eclipse.equinox.launcher\org.eclipse.equinox.launcher.win32.win32.x86_64_1.2.1400.v20250801-0854;C:\Users\willian\AppData\Local\Temp\jna-1347878212

VM Arguments:
jvm_args: --add-modules=ALL-SYSTEM --add-opens=java.base/java.util=ALL-UNNAMED --add-opens=java.base/java.lang=ALL-UNNAMED --add-opens=java.base/sun.nio.fs=ALL-UNNAMED -Declipse.application=org.eclipse.jdt.ls.core.id1 -Dosgi.bundles.defaultStartLevel=4 -Declipse.product=org.eclipse.jdt.ls.core.product -Djava.import.generatesMetadataFilesAtProjectRoot=false -DDetectVMInstallationsJob.disabled=true -Dfile.encoding=utf8 -XX:+UseParallelGC -XX:GCTimeRatio=4 -XX:AdaptiveSizePolicyWeight=90 -Dsun.zip.disableMemoryMapping=true -Xmx2G -Xms100m -Xlog:disable -javaagent:c:\Users\willian\.antigravity\extensions\redhat.java-1.51.0-win32-x64\lombok\lombok-1.18.39-4050.jar -XX:+HeapDumpOnOutOfMemoryError -XX:HeapDumpPath=c:\Users\willian\AppData\Roaming\Antigravity\User\workspaceStorage\97470dd91c3f0f9074c89ffd48fb3bd9\redhat.java -Daether.dependencyCollector.impl=bf 
java_command: c:\Users\willian\.antigravity\extensions\redhat.java-1.51.0-win32-x64\server\plugins\org.eclipse.equinox.launcher_1.7.100.v20251111-0406.jar -configuration c:\Users\willian\AppData\Roaming\Antigravity\User\globalStorage\redhat.java\1.51.0\config_win -data c:\Users\willian\AppData\Roaming\Antigravity\User\workspaceStorage\97470dd91c3f0f9074c89ffd48fb3bd9\redhat.java\jdt_ws --pipe=\\.\pipe\lsp-7a1ae076c15725746de53b607256818a-sock
java_class_path (initial): c:\Users\willian\.antigravity\extensions\redhat.java-1.51.0-win32-x64\server\plugins\org.eclipse.equinox.launcher_1.7.100.v20251111-0406.jar
Launcher Type: SUN_STANDARD

[Global flags]
    uintx AdaptiveSizePolicyWeight                 = 90                                        {product} {command line}
     intx CICompilerCount                          = 4                                         {product} {ergonomic}
    uintx GCTimeRatio                              = 4                                         {product} {command line}
     bool HeapDumpOnOutOfMemoryError               = true                                   {manageable} {command line}
    ccstr HeapDumpPath                             = c:\Users\willian\AppData\Roaming\Antigravity\User\workspaceStorage\97470dd91c3f0f9074c89ffd48fb3bd9\redhat.java         {manageable} {command line}
   size_t InitialHeapSize                          = 104857600                                 {product} {command line}
   size_t MaxHeapSize                              = 2147483648                                {product} {command line}
   size_t MaxNewSize                               = 715653120                                 {product} {ergonomic}
   size_t MinHeapDeltaBytes                        = 524288                                    {product} {ergonomic}
   size_t MinHeapSize                              = 104857600                                 {product} {command line}
   size_t NewSize                                  = 34603008                                  {product} {ergonomic}
    uintx NonNMethodCodeHeapSize                   = 5839372                                {pd product} {ergonomic}
    uintx NonProfiledCodeHeapSize                  = 122909434                              {pd product} {ergonomic}
   size_t OldSize                                  = 70254592                                  {product} {ergonomic}
    uintx ProfiledCodeHeapSize                     = 122909434                              {pd product} {ergonomic}
    uintx ReservedCodeCacheSize                    = 251658240                              {pd product} {ergonomic}
     bool SegmentedCodeCache                       = true                                      {product} {ergonomic}
   size_t SoftMaxHeapSize                          = 2147483648                             {manageable} {ergonomic}
     bool UseCompressedOops                        = true                           {product lp64_product} {ergonomic}
     bool UseLargePagesIndividualAllocation        = false                                  {pd product} {ergonomic}
     bool UseParallelGC                            = true                                      {product} {command line}

Logging:
Log output configuration:
 #0: stdout all=off uptime,level,tags foldmultilines=false
 #1: stderr all=off uptime,level,tags foldmultilines=false

Release file:
JAVA_VERSION="21.0.9" 
MODULES="java.base java.compiler java.datatransfer java.xml java.prefs java.desktop java.instrument java.logging java.management java.security.sasl java.naming java.rmi java.management.rmi java.net.http java.scripting java.security.jgss java.transaction.xa java.sql java.sql.rowset java.xml.crypto java.se java.smartcardio jdk.accessibility jdk.internal.jvmstat jdk.attach jdk.charsets jdk.internal.opt jdk.zipfs jdk.compiler jdk.crypto.ec jdk.crypto.cryptoki jdk.crypto.mscapi jdk.dynalink jdk.internal.ed jdk.editpad jdk.hotspot.agent jdk.httpserver jdk.internal.le jdk.internal.vm.ci jdk.internal.vm.compiler jdk.internal.vm.compiler.management jdk.jartool jdk.javadoc jdk.jcmd jdk.management jdk.management.agent jdk.jconsole jdk.jdeps jdk.jdwp.agent jdk.jdi jdk.jfr jdk.jshell jdk.jsobject jdk.jstatd jdk.localedata jdk.management.jfr jdk.naming.dns jdk.naming.rmi jdk.net jdk.nio.mapmode jdk.random jdk.sctp jdk.security.auth jdk.security.jgss jdk.unsupported jdk.unsupported.desktop jdk.xml.dom" 

Environment Variables:
PATH=D:\oracle\dbhomeXE\bin;C:\Program Files (x86)\Common Files\Oracle\Java\java8path;C:\Program Files (x86)\Common Files\Oracle\Java\javapath;C:\ProgramData\Oracle\Java\javapath;C:\Windows\system32;C:\Windows;C:\Windows\System32\Wbem;C:\Windows\System32\WindowsPowerShell\v1.0\;C:\Windows\System32\OpenSSH\;C:\Program Files\Docker\Docker\resources\bin;D:\Git\cmd;D:\;C:\Users\willian\AppData\Local\Programs\Eclipse Adoptium\jdk-21.0.5.11-hotspot\bin;C:\Users\willian\AppData\Local\Microsoft\WindowsApps;C:\Users\willian\AppData\Local\Programs\Microsoft VS Code\bin;C:\Users\willian\AppData\Local\Programs\Antigravity\bin;C:\Users\willian\AppData\Roaming\npm
USERNAME=willian
OS=Windows_NT
PROCESSOR_IDENTIFIER=Intel64 Family 6 Model 63 Stepping 2, GenuineIntel
TMP=C:\Users\willian\AppData\Local\Temp
TEMP=C:\Users\willian\AppData\Local\Temp




Periodic native trim disabled

---------------  S Y S T E M  ---------------

OS:
 Windows 10 , 64 bit Build 19041 (10.0.19041.2913)
OS uptime: 0 days 2:01 hours
Hyper-V role detected

CPU: total 12 (initial active 12) (6 cores per cpu, 2 threads per core) family 6 model 63 stepping 2 microcode 0x43, cx8, cmov, fxsr, ht, mmx, sse, sse2, sse3, ssse3, sse4.1, sse4.2, popcnt, lzcnt, tsc, tscinvbit, avx, avx2, aes, erms, clmul, bmi1, bmi2, fma, vzeroupper, clflush, hv, rdtscp, f16c
Processor Information for the first 12 processors :
  Max Mhz: 2401, Current Mhz: 2401, Mhz Limit: 2401

Memory: 4k page, system-wide physical 16289M (1625M free)
TotalPageFile size 21119M (AvailPageFile size 15M)
current process WorkingSet (physical memory assigned to process): 358M, peak: 358M
current process commit charge ("private bytes"): 439M, peak: 441M

vm_info: OpenJDK 64-Bit Server VM (21.0.9+10-LTS) for windows-amd64 JRE (21.0.9+10-LTS), built on 2025-10-21T00:00:00Z by "admin" with unknown MS VC++:1942

END.
